Component: ARM Compiler 5.06 update 3 (build 300) Tool: armlink [4d35c9]

==============================================================================

Section Cross References

    startup_stm32f10x_hd.o(RESET) refers to startup_stm32f10x_hd.o(STACK) for __initial_sp
    startup_stm32f10x_hd.o(RESET) refers to startup_stm32f10x_hd.o(.text) for Reset_Handler
    startup_stm32f10x_hd.o(RESET) refers to os_cpu_a.o(CODE) for OS_CPU_PendSVHandler
    startup_stm32f10x_hd.o(RESET) refers to os_cpu_c.o(i.OS_CPU_SysTickHandler) for OS_CPU_SysTickHandler
    startup_stm32f10x_hd.o(RESET) refers to stm32f10x_it.o(i.USART1_IRQHandler) for USART1_IRQHandler
    startup_stm32f10x_hd.o(RESET) refers to stm32f10x_it.o(i.USART3_IRQHandler) for USART3_IRQHandler
    startup_stm32f10x_hd.o(.text) refers to system_stm32f10x.o(i.SystemInit) for SystemInit
    startup_stm32f10x_hd.o(.text) refers to entry.o(.ARM.Collect$$$$00000000) for __main
    system_stm32f10x.o(i.SetSysClock) refers to system_stm32f10x.o(i.SetSysClockTo72) for SetSysClockTo72
    system_stm32f10x.o(i.SystemCoreClockUpdate) refers to system_stm32f10x.o(.data) for SystemCoreClock
    system_stm32f10x.o(i.SystemInit) refers to system_stm32f10x.o(i.SetSysClock) for SetSysClock
    stm32f10x_adc.o(i.ADC_DeInit) refers to stm32f10x_rcc.o(i.RCC_APB2PeriphResetCmd) for RCC_APB2PeriphResetCmd
    stm32f10x_bkp.o(i.BKP_DeInit) refers to stm32f10x_rcc.o(i.RCC_BackupResetCmd) for RCC_BackupResetCmd
    stm32f10x_can.o(i.CAN_DeInit) refers to stm32f10x_rcc.o(i.RCC_APB1PeriphResetCmd) for RCC_APB1PeriphResetCmd
    stm32f10x_can.o(i.CAN_GetITStatus) refers to stm32f10x_can.o(i.CheckITStatus) for CheckITStatus
    stm32f10x_cec.o(i.CEC_DeInit) refers to stm32f10x_rcc.o(i.RCC_APB1PeriphResetCmd) for RCC_APB1PeriphResetCmd
    stm32f10x_dac.o(i.DAC_DeInit) refers to stm32f10x_rcc.o(i.RCC_APB1PeriphResetCmd) for RCC_APB1PeriphResetCmd
    stm32f10x_flash.o(i.FLASH_EnableWriteProtection) refers to stm32f10x_flash.o(i.FLASH_WaitForLastOperation) for FLASH_WaitForLastOperation
    stm32f10x_flash.o(i.FLASH_EraseAllBank1Pages) refers to stm32f10x_flash.o(i.FLASH_WaitForLastBank1Operation) for FLASH_WaitForLastBank1Operation
    stm32f10x_flash.o(i.FLASH_EraseAllPages) refers to stm32f10x_flash.o(i.FLASH_WaitForLastOperation) for FLASH_WaitForLastOperation
    stm32f10x_flash.o(i.FLASH_EraseOptionBytes) refers to stm32f10x_flash.o(i.FLASH_GetReadOutProtectionStatus) for FLASH_GetReadOutProtectionStatus
    stm32f10x_flash.o(i.FLASH_EraseOptionBytes) refers to stm32f10x_flash.o(i.FLASH_WaitForLastOperation) for FLASH_WaitForLastOperation
    stm32f10x_flash.o(i.FLASH_ErasePage) refers to stm32f10x_flash.o(i.FLASH_WaitForLastOperation) for FLASH_WaitForLastOperation
    stm32f10x_flash.o(i.FLASH_ProgramHalfWord) refers to stm32f10x_flash.o(i.FLASH_WaitForLastOperation) for FLASH_WaitForLastOperation
    stm32f10x_flash.o(i.FLASH_ProgramOptionByteData) refers to stm32f10x_flash.o(i.FLASH_WaitForLastOperation) for FLASH_WaitForLastOperation
    stm32f10x_flash.o(i.FLASH_ProgramWord) refers to stm32f10x_flash.o(i.FLASH_WaitForLastOperation) for FLASH_WaitForLastOperation
    stm32f10x_flash.o(i.FLASH_ReadOutProtection) refers to stm32f10x_flash.o(i.FLASH_WaitForLastOperation) for FLASH_WaitForLastOperation
    stm32f10x_flash.o(i.FLASH_UserOptionByteConfig) refers to stm32f10x_flash.o(i.FLASH_WaitForLastOperation) for FLASH_WaitForLastOperation
    stm32f10x_flash.o(i.FLASH_WaitForLastBank1Operation) refers to stm32f10x_flash.o(i.FLASH_GetBank1Status) for FLASH_GetBank1Status
    stm32f10x_flash.o(i.FLASH_WaitForLastOperation) refers to stm32f10x_flash.o(i.FLASH_GetBank1Status) for FLASH_GetBank1Status
    stm32f10x_gpio.o(i.GPIO_AFIODeInit) refers to stm32f10x_rcc.o(i.RCC_APB2PeriphResetCmd) for RCC_APB2PeriphResetCmd
    stm32f10x_gpio.o(i.GPIO_DeInit) refers to stm32f10x_rcc.o(i.RCC_APB2PeriphResetCmd) for RCC_APB2PeriphResetCmd
    stm32f10x_i2c.o(i.I2C_DeInit) refers to stm32f10x_rcc.o(i.RCC_APB1PeriphResetCmd) for RCC_APB1PeriphResetCmd
    stm32f10x_i2c.o(i.I2C_Init) refers to stm32f10x_rcc.o(i.RCC_GetClocksFreq) for RCC_GetClocksFreq
    stm32f10x_pwr.o(i.PWR_DeInit) refers to stm32f10x_rcc.o(i.RCC_APB1PeriphResetCmd) for RCC_APB1PeriphResetCmd
    stm32f10x_rcc.o(i.RCC_GetClocksFreq) refers to stm32f10x_rcc.o(.data) for APBAHBPrescTable
    stm32f10x_rcc.o(i.RCC_WaitForHSEStartUp) refers to stm32f10x_rcc.o(i.RCC_GetFlagStatus) for RCC_GetFlagStatus
    stm32f10x_rtc.o(i.RTC_SetAlarm) refers to stm32f10x_rtc.o(i.RTC_EnterConfigMode) for RTC_EnterConfigMode
    stm32f10x_rtc.o(i.RTC_SetAlarm) refers to stm32f10x_rtc.o(i.RTC_ExitConfigMode) for RTC_ExitConfigMode
    stm32f10x_rtc.o(i.RTC_SetCounter) refers to stm32f10x_rtc.o(i.RTC_EnterConfigMode) for RTC_EnterConfigMode
    stm32f10x_rtc.o(i.RTC_SetCounter) refers to stm32f10x_rtc.o(i.RTC_ExitConfigMode) for RTC_ExitConfigMode
[...]
    UART4_IRQHandler                         0x0800015f   Thumb Code     0  startup_stm32f10x_hd.o(.text)
    UART5_IRQHandler                         0x0800015f   Thumb Code     0  startup_stm32f10x_hd.o(.text)
    USART2_IRQHandler                        0x0800015f   Thumb Code     0  startup_stm32f10x_hd.o(.text)
    USBWakeUp_IRQHandler                     0x0800015f   Thumb Code     0  startup_stm32f10x_hd.o(.text)
    USB_HP_CAN1_TX_IRQHandler                0x0800015f   Thumb Code     0  startup_stm32f10x_hd.o(.text)
    USB_LP_CAN1_RX0_IRQHandler               0x0800015f   Thumb Code     0  startup_stm32f10x_hd.o(.text)
    WWDG_IRQHandler                          0x0800015f   Thumb Code     0  startup_stm32f10x_hd.o(.text)
    CPU_IntDis                               0x08000169   Thumb Code     0  cpu_a.o(.text)
    CPU_IntEn                                0x0800016d   Thumb Code     0  cpu_a.o(.text)
    CPU_SR_Save                              0x08000171   Thumb Code     0  cpu_a.o(.text)
    CPU_SR_Restore                           0x08000179   Thumb Code     0  cpu_a.o(.text)
    CPU_WaitForInt                           0x0800017f   Thumb Code     0  cpu_a.o(.text)
    CPU_WaitForExcept                        0x08000183   Thumb Code     0  cpu_a.o(.text)
    CPU_CntLeadZeros                         0x08000187   Thumb Code     0  cpu_a.o(.text)
    CPU_CntTrailZeros                        0x0800018d   Thumb Code     0  cpu_a.o(.text)
    CPU_RevBits                              0x08000197   Thumb Code     0  cpu_a.o(.text)
    __aeabi_memcpy                           0x0800019d   Thumb Code    36  memcpya.o(.text)
    __aeabi_memcpy4                          0x0800019d   Thumb Code     0  memcpya.o(.text)
    __aeabi_memcpy8                          0x0800019d   Thumb Code     0  memcpya.o(.text)
    __aeabi_memset                           0x080001c1   Thumb Code    14  memseta.o(.text)
    __aeabi_memset4                          0x080001c1   Thumb Code     0  memseta.o(.text)
    __aeabi_memset8                          0x080001c1   Thumb Code     0  memseta.o(.text)
    __aeabi_memclr                           0x080001cf   Thumb Code     4  memseta.o(.text)
    __aeabi_memclr4                          0x080001cf   Thumb Code     0  memseta.o(.text)
    __aeabi_memclr8                          0x080001cf   Thumb Code     0  memseta.o(.text)
    _memset$wrapper                          0x080001d3   Thumb Code    18  memseta.o(.text)
    strcat                                   0x080001e5   Thumb Code    24  strcat.o(.text)
    strstr                                   0x080001fd   Thumb Code    36  strstr.o(.text)
    memcmp                                   0x08000221   Thumb Code    26  memcmp.o(.text)
    __aeabi_fadd                             0x0800023b   Thumb Code   164  fadd.o(.text)
    __aeabi_fsub                             0x080002df   Thumb Code     6  fadd.o(.text)
    __aeabi_frsub                            0x080002e5   Thumb Code     6  fadd.o(.text)
    __aeabi_fmul                             0x080002eb   Thumb Code   100  fmul.o(.text)
    __aeabi_fdiv                             0x0800034f   Thumb Code   124  fdiv.o(.text)
    __aeabi_dadd                             0x080003cb   Thumb Code   322  dadd.o(.text)
    __aeabi_dsub                             0x0800050d   Thumb Code     6  dadd.o(.text)
    __aeabi_drsub                            0x08000513   Thumb Code     6  dadd.o(.text)
    __aeabi_dmul                             0x08000519   Thumb Code   228  dmul.o(.text)
    __aeabi_i2f                              0x080005fd   Thumb Code    18  fflti.o(.text)
    __aeabi_ui2f                             0x0800060f   Thumb Code    10  ffltui.o(.text)
    __aeabi_f2iz                             0x08000619   Thumb Code    50  ffixi.o(.text)
    __aeabi_f2uiz                            0x0800064b   Thumb Code    40  ffixui.o(.text)
    __aeabi_f2d                              0x08000673   Thumb Code    38  f2d.o(.text)
    __aeabi_d2f                              0x08000699   Thumb Code    56  d2f.o(.text)
    __aeabi_uidiv                            0x080006d1   Thumb Code     0  uidiv.o(.text)
    __aeabi_uidivmod                         0x080006d1   Thumb Code    44  uidiv.o(.text)
    __aeabi_uldivmod                         0x080006fd   Thumb Code    98  uldiv.o(.text)
    __aeabi_llsl                             0x0800075f   Thumb Code    30  llshl.o(.text)
    _ll_shift_l                              0x0800075f   Thumb Code     0  llshl.o(.text)
    __aeabi_lasr                             0x0800077d   Thumb Code    36  llsshr.o(.text)
    _ll_sshift_r                             0x0800077d   Thumb Code     0  llsshr.o(.text)
    __I$use$fp                               0x080007a1   Thumb Code     0  iusefp.o(.text)
    _float_round                             0x080007a1   Thumb Code    18  fepilogue.o(.text)
    _float_epilogue                          0x080007b3   Thumb Code    92  fepilogue.o(.text)
    _double_round                            0x0800080f   Thumb Code    30  depilogue.o(.text)
    _double_epilogue                         0x0800082d   Thumb Code   156  depilogue.o(.text)
    __aeabi_ddiv                             0x080008c9   Thumb Code   222  ddiv.o(.text)
    __ARM_scalbn                             0x080009a7   Thumb Code    46  dscalb.o(.text)
    scalbn                                   0x080009a7   Thumb Code     0  dscalb.o(.text)
    __aeabi_d2ulz                            0x080009d5   Thumb Code    48  dfixul.o(.text)
    __aeabi_cdrcmple                         0x08000a05   Thumb Code    48  cdrcmple.o(.text)
    __scatterload                            0x08000a35   Thumb Code    28  init.o(.text)
    __scatterload_rt2                        0x08000a35   Thumb Code     0  init.o(.text)
    __aeabi_llsr                             0x08000a59   Thumb Code    32  llushr.o(.text)
    _ll_ushift_r                             0x08000a59   Thumb Code     0  llushr.o(.text)
    _dsqrt                                   0x08000a79   Thumb Code   162  dsqrt.o(.text)
    __decompress                             0x08000b1b   Thumb Code     0  __dczerorl2.o(.text)
    __decompress1                            0x08000b1b   Thumb Code    86  __dczerorl2.o(.text)
    OSStartHighRdy                           0x08000b71   Thumb Code     0  os_cpu_a.o(CODE)
    OS_CPU_PendSVHandler                     0x08000b93   Thumb Code     0  os_cpu_a.o(CODE)
    BEEP                                     0x080018ed   Thumb Code    44  led.o(i.BEEP)
    BSP_CPU_ClkFreq                          0x0800191d   Thumb Code    16  bsp.o(i.BSP_CPU_ClkFreq)
    BSP_Init                                 0x0800192d   Thumb Code    32  bsp.o(i.BSP_Init)
    CPU_Init                                 0x0800194d   Thumb Code    16  cpu_core.o(i.CPU_Init)
    CPU_IntDisMeasMaxCurGet                  0x080019fd   Thumb Code    40  cpu_core.o(i.CPU_IntDisMeasMaxCurGet)
    CPU_IntDisMeasMaxCurReset                0x08001a29   Thumb Code    40  cpu_core.o(i.CPU_IntDisMeasMaxCurReset)
    CPU_IntDisMeasMaxGet                     0x08001a55   Thumb Code    40  cpu_core.o(i.CPU_IntDisMeasMaxGet)
    CPU_IntDisMeasStart                      0x08001a81   Thumb Code    38  cpu_core.o(i.CPU_IntDisMeasStart)
    CPU_IntDisMeasStop                       0x08001ab5   Thumb Code    62  cpu_core.o(i.CPU_IntDisMeasStop)
    CPU_NameClr                              0x08001b09   Thumb Code    50  cpu_core.o(i.CPU_NameClr)
    CPU_TS_TmrFreqSet                        0x08001b5d   Thumb Code     6  cpu_core.o(i.CPU_TS_TmrFreqSet)
    CPU_TS_TmrInit                           0x08001b69   Thumb Code    44  bsp.o(i.CPU_TS_TmrInit)
    CPU_TS_TmrRd                             0x08001b9d   Thumb Code     6  bsp.o(i.CPU_TS_TmrRd)
    Call                                     0x08001ba9   Thumb Code    44  gsm.o(i.Call)
    Check_Gsm                                0x08001bdd   Thumb Code    60  gsm.o(i.Check_Gsm)
    Check_Message                            0x08001c25   Thumb Code    36  gsm.o(i.Check_Message)
    GPIO_Init                                0x08001c55   Thumb Code   278  stm32f10x_gpio.o(i.GPIO_Init)
    GPIO_ReadInputDataBit                    0x08001d6b   Thumb Code    18  stm32f10x_gpio.o(i.GPIO_ReadInputDataBit)
    GPIO_ResetBits                           0x08001d7d   Thumb Code     4  stm32f10x_gpio.o(i.GPIO_ResetBits)
    GPIO_SetBits                             0x08001d81   Thumb Code     4  stm32f10x_gpio.o(i.GPIO_SetBits)
    GSM_Config                               0x08001d85   Thumb Code   188  gsm.o(i.GSM_Config)
    GSM_cmd                                  0x08001e49   Thumb Code   242  gsm.o(i.GSM_cmd)
    Get_Gesture                              0x08001f4d   Thumb Code   698  mpu9250.o(i.Get_Gesture)
    Led_Config                               0x08002449   Thumb Code    92  led.o(i.Led_Config)
    Lock                                     0x080024a9   Thumb Code    12  putter.o(i.Lock)
    Mem_Clr                                  0x080024b9   Thumb Code    18  lib_mem.o(i.Mem_Clr)
    Mem_Init                                 0x080024cd   Thumb Code    54  lib_mem.o(i.Mem_Init)
    Mem_Set                                  0x08002515   Thumb Code    98  lib_mem.o(i.Mem_Set)
    NVIC_Init                                0x08002579   Thumb Code   100  misc.o(i.NVIC_Init)
    NVIC_PriorityGroupConfig                 0x080025e9   Thumb Code    10  misc.o(i.NVIC_PriorityGroupConfig)
    OSCfg_Init                               0x080025fd   Thumb Code     2  os_cfg_app.o(i.OSCfg_Init)
    OSFlagCreate                             0x08002601   Thumb Code   210  os_flag.o(i.OSFlagCreate)
    OSFlagPend                               0x080026e5   Thumb Code  1670  os_flag.o(i.OSFlagPend)
    OSFlagPost                               0x08002d75   Thumb Code   146  os_flag.o(i.OSFlagPost)
    OSIdleTaskHook                           0x08002e11   Thumb Code    16  os_cpu_c.o(i.OSIdleTaskHook)
    OSInit                                   0x08002e25   Thumb Code   288  os_core.o(i.OSInit)
    OSInitHook                               0x08002fa5   Thumb Code    42  os_cpu_c.o(i.OSInitHook)
    OSIntEnter                               0x08002fdd   Thumb Code    34  os_core.o(i.OSIntEnter)
    OSIntExit                                0x08003009   Thumb Code   192  os_core.o(i.OSIntExit)
    OSSched                                  0x080030ed   Thumb Code   134  os_core.o(i.OSSched)
    OSSchedLock                              0x08003195   Thumb Code   112  os_core.o(i.OSSchedLock)
    OSSchedUnlock                            0x08003211   Thumb Code   148  os_core.o(i.OSSchedUnlock)
    OSStart                                  0x080032b1   Thumb Code    78  os_core.o(i.OSStart)
    OSStatReset                              0x08003319   Thumb Code   316  os_stat.o(i.OSStatReset)
    OSStatTaskCPUUsageInit                   0x08003481   Thumb Code   228  os_stat.o(i.OSStatTaskCPUUsageInit)
    OSStatTaskHook                           0x08003581   Thumb Code    16  os_cpu_c.o(i.OSStatTaskHook)
    OSTaskCreate                             0x08003595   Thumb Code   624  os_task.o(i.OSTaskCreate)
    OSTaskCreateHook                         0x08003829   Thumb Code    20  os_cpu_c.o(i.OSTaskCreateHook)
    OSTaskDel                                0x08003841   Thumb Code   490  os_task.o(i.OSTaskDel)
    OSTaskDelHook                            0x08003a49   Thumb Code    20  os_cpu_c.o(i.OSTaskDelHook)
    OSTaskQPend                              0x08003a61   Thumb Code   572  os_task.o(i.OSTaskQPend)
    OSTaskQPost                              0x08003ca9   Thumb Code   114  os_task.o(i.OSTaskQPost)
    OSTaskResume                             0x08003d25   Thumb Code   124  os_task.o(i.OSTaskResume)
    OSTaskReturnHook                         0x08003dad   Thumb Code    20  os_cpu_c.o(i.OSTaskReturnHook)
    OSTaskSemPend                            0x08003dc5   Thumb Code   578  os_task.o(i.OSTaskSemPend)
    OSTaskSemPost                            0x08004015   Thumb Code    98  os_task.o(i.OSTaskSemPost)
    OSTaskStkChk                             0x08004081   Thumb Code   220  os_task.o(i.OSTaskStkChk)
    OSTaskStkInit                            0x08004165   Thumb Code   188  os_cpu_c.o(i.OSTaskStkInit)
    OSTaskSuspend                            0x08004225   Thumb Code    78  os_task.o(i.OSTaskSuspend)
    OSTaskSwHook                             0x08004285   Thumb Code   146  os_cpu_c.o(i.OSTaskSwHook)
    OSTimeDly                                0x08004329   Thumb Code   322  os_time.o(i.OSTimeDly)
    OSTimeTick                               0x08004479   Thumb Code    54  os_time.o(i.OSTimeTick)
    OSTimeTickHook                           0x080044bd   Thumb Code    16  os_cpu_c.o(i.OSTimeTickHook)
    OSTmrCreate                              0x080044d1   Thumb Code   286  os_tmr.o(i.OSTmrCreate)
    OSTmrStart                               0x08004601   Thumb Code   170  os_tmr.o(i.OSTmrStart)
    OSTmrStop                                0x080046b5   Thumb Code   246  os_tmr.o(i.OSTmrStop)
    OS_CPU_SysTickHandler                    0x080047b5   Thumb Code    60  os_cpu_c.o(i.OS_CPU_SysTickHandler)
    OS_CPU_SysTickInit                       0x080047f5   Thumb Code    44  os_cpu_c.o(i.OS_CPU_SysTickInit)
    OS_Dbg_Init                              0x08004825   Thumb Code   148  os_dbg.o(i.OS_Dbg_Init)
    OS_FlagBlock                             0x080049d1   Thumb Code    58  os_flag.o(i.OS_FlagBlock)
    OS_FlagDbgListAdd                        0x08004a11   Thumb Code    38  os_flag.o(i.OS_FlagDbgListAdd)
    OS_FlagInit                              0x08004a41   Thumb Code    14  os_flag.o(i.OS_FlagInit)
    OS_FlagPost                              0x08004a59   Thumb Code   626  os_flag.o(i.OS_FlagPost)
    OS_FlagTaskRdy                           0x08004cd5   Thumb Code    86  os_flag.o(i.OS_FlagTaskRdy)
    OS_IdleTask                              0x08004d2d   Thumb Code    68  os_core.o(i.OS_IdleTask)
    OS_IdleTaskInit                          0x08004d79   Thumb Code    66  os_core.o(i.OS_IdleTaskInit)
    OS_IntQPost                              0x08004de9   Thumb Code   224  os_int.o(i.OS_IntQPost)
    OS_IntQRePost                            0x08004eed   Thumb Code   360  os_int.o(i.OS_IntQRePost)
    OS_IntQTask                              0x08005091   Thumb Code   182  os_int.o(i.OS_IntQTask)
    OS_IntQTaskInit                          0x08005159   Thumb Code   206  os_int.o(i.OS_IntQTaskInit)
    OS_MsgPoolInit                           0x08005281   Thumb Code   110  os_msg.o(i.OS_MsgPoolInit)
    OS_MsgQFreeAll                           0x080052fd   Thumb Code    62  os_msg.o(i.OS_MsgQFreeAll)
    OS_MsgQGet                               0x08005341   Thumb Code    98  os_msg.o(i.OS_MsgQGet)
    OS_MsgQInit                              0x080053a9   Thumb Code    14  os_msg.o(i.OS_MsgQInit)
    OS_MsgQPut                               0x080053b9   Thumb Code   254  os_msg.o(i.OS_MsgQPut)
    OS_MutexInit                             0x080054bd   Thumb Code    14  os_mutex.o(i.OS_MutexInit)
    OS_Pend                                  0x080054d5   Thumb Code    98  os_core.o(i.OS_Pend)
    OS_PendDataInit                          0x0800553d   Thumb Code    38  os_core.o(i.OS_PendDataInit)
    OS_PendDbgNameAdd                        0x08005565   Thumb Code    66  os_core.o(i.OS_PendDbgNameAdd)
    OS_PendDbgNameRemove                     0x080055c1   Thumb Code    30  os_core.o(i.OS_PendDbgNameRemove)
    OS_PendListInit                          0x080055e5   Thumb Code    10  os_core.o(i.OS_PendListInit)
    OS_PendListInsertPrio                    0x080055ef   Thumb Code   102  os_core.o(i.OS_PendListInsertPrio)
    OS_PendListRemove                        0x08005655   Thumb Code    48  os_core.o(i.OS_PendListRemove)
    OS_PendListRemove1                       0x08005685   Thumb Code    66  os_core.o(i.OS_PendListRemove1)
    OS_Post                                  0x080056c7   Thumb Code   192  os_core.o(i.OS_Post)
    OS_Post1                                 0x08005787   Thumb Code    42  os_core.o(i.OS_Post1)
    OS_PrioGetHighest                        0x080057b1   Thumb Code    36  os_prio.o(i.OS_PrioGetHighest)
    OS_PrioInit                              0x080057d9   Thumb Code    20  os_prio.o(i.OS_PrioInit)
    OS_PrioInsert                            0x080057f1   Thumb Code    32  os_prio.o(i.OS_PrioInsert)
    OS_PrioRemove                            0x08005815   Thumb Code    32  os_prio.o(i.OS_PrioRemove)
    OS_QInit                                 0x08005839   Thumb Code    14  os_q.o(i.OS_QInit)
    OS_QPost                                 0x08005851   Thumb Code   382  os_q.o(i.OS_QPost)
    OS_RdyListInit                           0x080059d9   Thumb Code    32  os_core.o(i.OS_RdyListInit)
    OS_RdyListInsert                         0x080059fd   Thumb Code    40  os_core.o(i.OS_RdyListInsert)
    OS_RdyListInsertHead                     0x08005a29   Thumb Code    58  os_core.o(i.OS_RdyListInsertHead)
    OS_RdyListInsertTail                     0x08005a69   Thumb Code    56  os_core.o(i.OS_RdyListInsertTail)
    OS_RdyListMoveHeadToTail                 0x08005aa5   Thumb Code    68  os_core.o(i.OS_RdyListMoveHeadToTail)
    OS_RdyListRemove                         0x08005ae9   Thumb Code    86  os_core.o(i.OS_RdyListRemove)
    OS_Sched0                                0x08005b45   Thumb Code    72  os_core.o(i.OS_Sched0)
    OS_SchedLockTimeMeasStart                0x08005ba1   Thumb Code    20  os_core.o(i.OS_SchedLockTimeMeasStart)
    OS_SchedLockTimeMeasStop                 0x08005bbd   Thumb Code    44  os_core.o(i.OS_SchedLockTimeMeasStop)
    OS_SchedRoundRobin                       0x08005bf9   Thumb Code   218  os_core.o(i.OS_SchedRoundRobin)
    OS_SemInit                               0x08005ce5   Thumb Code    14  os_sem.o(i.OS_SemInit)
    OS_SemPost                               0x08005cfd   Thumb Code   404  os_sem.o(i.OS_SemPost)
    OS_StatTask                              0x08005e95   Thumb Code   878  os_stat.o(i.OS_StatTask)
    OS_StatTaskInit                          0x0800624d   Thumb Code   136  os_stat.o(i.OS_StatTaskInit)
    OS_TaskBlock                             0x08006319   Thumb Code    56  os_core.o(i.OS_TaskBlock)
    OS_TaskDbgListAdd                        0x08006351   Thumb Code    42  os_task.o(i.OS_TaskDbgListAdd)
    OS_TaskDbgListRemove                     0x08006381   Thumb Code    64  os_task.o(i.OS_TaskDbgListRemove)
    OS_TaskInit                              0x080063c5   Thumb Code    18  os_task.o(i.OS_TaskInit)
    OS_TaskInitTCB                           0x080063e5   Thumb Code   194  os_task.o(i.OS_TaskInitTCB)
    OS_TaskQPost                             0x080064b5   Thumb Code   606  os_task.o(i.OS_TaskQPost)
    OS_TaskRdy                               0x08006721   Thumb Code    28  os_core.o(i.OS_TaskRdy)
    OS_TaskResume                            0x0800673d   Thumb Code   374  os_task.o(i.OS_TaskResume)
    OS_TaskReturn                            0x080068b9   Thumb Code    20  os_task.o(i.OS_TaskReturn)
    OS_TaskSemPost                           0x080068d1   Thumb Code  1438  os_task.o(i.OS_TaskSemPost)
    OS_TaskSuspend                           0x08006e79   Thumb Code   392  os_task.o(i.OS_TaskSuspend)
    OS_TickListInit                          0x08007009   Thumb Code    32  os_tick.o(i.OS_TickListInit)
    OS_TickListInsert                        0x08007031   Thumb Code   430  os_tick.o(i.OS_TickListInsert)
    OS_TickListRemove                        0x080071ed   Thumb Code    56  os_tick.o(i.OS_TickListRemove)
    OS_TickListResetPeak                     0x08007225   Thumb Code    28  os_tick.o(i.OS_TickListResetPeak)
    OS_TickListUpdate                        0x08007249   Thumb Code   520  os_tick.o(i.OS_TickListUpdate)
    OS_TickTask                              0x08007469   Thumb Code    38  os_tick.o(i.OS_TickTask)
    OS_TickTaskInit                          0x08007495   Thumb Code   128  os_tick.o(i.OS_TickTaskInit)
    OS_TmrDbgListAdd                         0x0800754d   Thumb Code    34  os_tmr.o(i.OS_TmrDbgListAdd)
    OS_TmrInit                               0x08007575   Thumb Code   206  os_tmr.o(i.OS_TmrInit)
    OS_TmrLink                               0x0800769d   Thumb Code   196  os_tmr.o(i.OS_TmrLink)
    OS_TmrResetPeak                          0x0800776d   Thumb Code    28  os_tmr.o(i.OS_TmrResetPeak)
    OS_TmrTask                               0x08007791   Thumb Code   176  os_tmr.o(i.OS_TmrTask)
    OS_TmrUnlink                             0x08007851   Thumb Code    72  os_tmr.o(i.OS_TmrUnlink)
    Putter_Init                              0x080078a1   Thumb Code    74  putter.o(i.Putter_Init)
    RCC_APB1PeriphClockCmd                   0x080078f1   Thumb Code    26  stm32f10x_rcc.o(i.RCC_APB1PeriphClockCmd)
    RCC_APB2PeriphClockCmd                   0x08007911   Thumb Code    26  stm32f10x_rcc.o(i.RCC_APB2PeriphClockCmd)
    RCC_GetClocksFreq                        0x08007931   Thumb Code   192  stm32f10x_rcc.o(i.RCC_GetClocksFreq)
    Send_Message                             0x08007a05   Thumb Code    20  gsm.o(i.Send_Message)
    Send_Text_Sms                            0x08007a19   Thumb Code    72  gsm.o(i.Send_Text_Sms)
    Set_Text_Mode                            0x08007b59   Thumb Code    28  gsm.o(i.Set_Text_Mode)
    SystemInit                               0x08007b8d   Thumb Code    78  system_stm32f10x.o(i.SystemInit)
    TmrCallback                              0x08007bed   Thumb Code    60  app.o(i.TmrCallback)
    USART1_Config                            0x08007c4d   Thumb Code   164  usart.o(i.USART1_Config)
    USART1_IRQHandler                        0x08007cf9   Thumb Code    58  stm32f10x_it.o(i.USART1_IRQHandler)
    USART3_IRQHandler                        0x08007d41   Thumb Code   110  stm32f10x_it.o(i.USART3_IRQHandler)
    USART_ClearFlag                          0x08007dc1   Thumb Code    18  stm32f10x_usart.o(i.USART_ClearFlag)
    USART_ClearITPendingBit                  0x08007dd3   Thumb Code    30  stm32f10x_usart.o(i.USART_ClearITPendingBit)
    USART_Cmd                                0x08007df1   Thumb Code    24  stm32f10x_usart.o(i.USART_Cmd)
    USART_GetFlagStatus                      0x08007e09   Thumb Code    26  stm32f10x_usart.o(i.USART_GetFlagStatus)
    USART_GetITStatus                        0x08007e23   Thumb Code    84  stm32f10x_usart.o(i.USART_GetITStatus)
    USART_ITConfig                           0x08007e77   Thumb Code    74  stm32f10x_usart.o(i.USART_ITConfig)
    USART_Init                               0x08007ec1   Thumb Code   210  stm32f10x_usart.o(i.USART_Init)
    USART_ReceiveData                        0x08007f99   Thumb Code    10  stm32f10x_usart.o(i.USART_ReceiveData)
    USART_SendData                           0x08007fa3   Thumb Code     8  stm32f10x_usart.o(i.USART_SendData)
    Unlock                                   0x08007fad   Thumb Code    12  putter.o(i.Unlock)
    Usart_SendByte                           0x08007fbd   Thumb Code    30  gsm.o(i.Usart_SendByte)
    Usart_SendString                         0x08007fdb   Thumb Code    28  gsm.o(i.Usart_SendString)
    __0printf                                0x08007ff9   Thumb Code    22  printfa.o(i.__0printf)
    __1printf                                0x08007ff9   Thumb Code     0  printfa.o(i.__0printf)
    __2printf                                0x08007ff9   Thumb Code     0  printfa.o(i.__0printf)
    __c89printf                              0x08007ff9   Thumb Code     0  printfa.o(i.__0printf)
    printf                                   0x08007ff9   Thumb Code     0  printfa.o(i.__0printf)
    __0sprintf                               0x08008019   Thumb Code    34  printfa.o(i.__0sprintf)
    __1sprintf                               0x08008019   Thumb Code     0  printfa.o(i.__0sprintf)
    __2sprintf                               0x08008019   Thumb Code     0  printfa.o(i.__0sprintf)
    __c89sprintf                             0x08008019   Thumb Code     0  printfa.o(i.__0sprintf)
    sprintf                                  0x08008019   Thumb Code     0  printfa.o(i.__0sprintf)
    __ARM_fpclassify                         0x08008041   Thumb Code    40  fpclassify.o(i.__ARM_fpclassify)
    __kernel_poly                            0x08008069   Thumb Code   170  poly.o(i.__kernel_poly)
    __mathlib_dbl_infnan                     0x08008113   Thumb Code     6  dunder.o(i.__mathlib_dbl_infnan)
    __mathlib_dbl_infnan2                    0x08008119   Thumb Code     4  dunder.o(i.__mathlib_dbl_infnan2)
    __mathlib_dbl_invalid                    0x0800811d   Thumb Code    12  dunder.o(i.__mathlib_dbl_invalid)
    __mathlib_dbl_underflow                  0x08008129   Thumb Code    10  dunder.o(i.__mathlib_dbl_underflow)
    __scatterload_copy                       0x08008139   Thumb Code    14  handlers.o(i.__scatterload_copy)
    __scatterload_null                       0x08008147   Thumb Code     2  handlers.o(i.__scatterload_null)
    __scatterload_zeroinit                   0x08008149   Thumb Code    14  handlers.o(i.__scatterload_zeroinit)
    __set_errno                              0x08008159   Thumb Code     6  errno.o(i.__set_errno)
    asin                                     0x08008a21   Thumb Code   572  asin.o(i.asin)
    atan                                     0x08008c91   Thumb Code   474  atan.o(i.atan)
    atan2                                    0x08008eb1   Thumb Code   346  atan2.o(i.atan2)
    clean                                    0x08009031   Thumb Code    28  gsm.o(i.clean)
    delay_ms                                 0x080090b9   Thumb Code    24  delay.o(i.delay_ms)
    delay_us                                 0x080090d1   Thumb Code    26  delay.o(i.delay_us)
    dmp_enable_6x_lp_quat                    0x080090eb   Thumb Code    60  inv_mpu_dmp_motion_driver.o(i.dmp_enable_6x_lp_quat)
    dmp_enable_feature                       0x08009129   Thumb Code   530  inv_mpu_dmp_motion_driver.o(i.dmp_enable_feature)
    dmp_enable_gyro_cal                      0x08009345   Thumb Code    62  inv_mpu_dmp_motion_driver.o(i.dmp_enable_gyro_cal)
    dmp_enable_lp_quat                       0x0800939d   Thumb Code    60  inv_mpu_dmp_motion_driver.o(i.dmp_enable_lp_quat)
    dmp_load_motion_driver_firmware          0x080093d9   Thumb Code    20  inv_mpu_dmp_motion_driver.o(i.dmp_load_motion_driver_firmware)
    dmp_read_fifo                            0x080093f1   Thumb Code   456  inv_mpu_dmp_motion_driver.o(i.dmp_read_fifo)
    dmp_set_fifo_rate                        0x080095bd   Thumb Code    96  inv_mpu_dmp_motion_driver.o(i.dmp_set_fifo_rate)
    dmp_set_orientation                      0x0800962d   Thumb Code   290  inv_mpu_dmp_motion_driver.o(i.dmp_set_orientation)
    dmp_set_shake_reject_thresh              0x08009765   Thumb Code    56  inv_mpu_dmp_motion_driver.o(i.dmp_set_shake_reject_thresh)
    dmp_set_shake_reject_time                0x0800979d   Thumb Code    38  inv_mpu_dmp_motion_driver.o(i.dmp_set_shake_reject_time)
    dmp_set_shake_reject_timeout             0x080097c3   Thumb Code    38  inv_mpu_dmp_motion_driver.o(i.dmp_set_shake_reject_timeout)
    dmp_set_tap_axes                         0x080097e9   Thumb Code    70  inv_mpu_dmp_motion_driver.o(i.dmp_set_tap_axes)
    dmp_set_tap_count                        0x0800982f   Thumb Code    38  inv_mpu_dmp_motion_driver.o(i.dmp_set_tap_count)
    dmp_set_tap_thresh                       0x08009855   Thumb Code   396  inv_mpu_dmp_motion_driver.o(i.dmp_set_tap_thresh)
    dmp_set_tap_time                         0x080099f5   Thumb Code    38  inv_mpu_dmp_motion_driver.o(i.dmp_set_tap_time)
    dmp_set_tap_time_multi                   0x08009a1b   Thumb Code    38  inv_mpu_dmp_motion_driver.o(i.dmp_set_tap_time_multi)
    fputc                                    0x08009a41   Thumb Code    32  gsm.o(i.fputc)
    get_ms                                   0x08009a65   Thumb Code     2  time.o(i.get_ms)
    i2cInit                                  0x08009a69   Thumb Code    38  stm32_iic.o(i.i2cInit)
    i2cRead                                  0x08009a95   Thumb Code   120  stm32_iic.o(i.i2cRead)
    i2cWriteBuffer                           0x08009b0d   Thumb Code   100  stm32_iic.o(i.i2cWriteBuffer)
    i2cread                                  0x08009b71   Thumb Code    38  stm32_iic.o(i.i2cread)
    i2cwrite                                 0x08009b97   Thumb Code    38  stm32_iic.o(i.i2cwrite)
    main                                     0x08009c35   Thumb Code    68  app.o(i.main)
    mpu_configure_fifo                       0x08009c95   Thumb Code   106  inv_mpu.o(i.mpu_configure_fifo)
    mpu_get_accel_fsr                        0x08009d05   Thumb Code    72  inv_mpu.o(i.mpu_get_accel_fsr)
    mpu_init                                 0x08009d51   Thumb Code   286  inv_mpu.o(i.mpu_init)
    mpu_load_firmware                        0x08009e75   Thumb Code   180  inv_mpu.o(i.mpu_load_firmware)
    mpu_lp_accel_mode                        0x08009f2d   Thumb Code   280  inv_mpu.o(i.mpu_lp_accel_mode)
    mpu_read_fifo_stream                     0x0800a049   Thumb Code   186  inv_mpu.o(i.mpu_read_fifo_stream)
    mpu_read_mem                             0x0800a109   Thumb Code   122  inv_mpu.o(i.mpu_read_mem)
    mpu_reset_fifo                           0x0800a189   Thumb Code   450  inv_mpu.o(i.mpu_reset_fifo)
    mpu_set_accel_fsr                        0x0800a351   Thumb Code   126  inv_mpu.o(i.mpu_set_accel_fsr)
    mpu_set_bypass                           0x0800a3d5   Thumb Code   328  inv_mpu.o(i.mpu_set_bypass)
    mpu_set_compass_sample_rate              0x0800a521   Thumb Code    92  inv_mpu.o(i.mpu_set_compass_sample_rate)
    mpu_set_dmp_state                        0x0800a581   Thumb Code   138  inv_mpu.o(i.mpu_set_dmp_state)
    mpu_set_gyro_fsr                         0x0800a611   Thumb Code   132  inv_mpu.o(i.mpu_set_gyro_fsr)
    mpu_set_int_latched                      0x0800a699   Thumb Code   102  inv_mpu.o(i.mpu_set_int_latched)
    mpu_set_lpf                              0x0800a705   Thumb Code   126  inv_mpu.o(i.mpu_set_lpf)
    mpu_set_sample_rate                      0x0800a789   Thumb Code   174  inv_mpu.o(i.mpu_set_sample_rate)
    mpu_set_sensors                          0x0800a83d   Thumb Code   354  inv_mpu.o(i.mpu_set_sensors)
    mpu_write_mem                            0x0800a9a5   Thumb Code   122  inv_mpu.o(i.mpu_write_mem)
    set                                      0x0800aa25   Thumb Code    58  mpu9250.o(i.set)
    sqrt                                     0x0800ad49   Thumb Code    76  sqrt.o(i.sqrt)
    usart_INIT                               0x0800ad95   Thumb Code    42  usart.o(i.usart_INIT)
    reg                                      0x0800ae00   Data          42  inv_mpu.o(.constdata)
    hw                                       0x0800ae2a   Data          14  inv_mpu.o(.constdata)
    test                                     0x0800ae38   Data          40  inv_mpu.o(.constdata)
    OSCfg_IdleTaskStkBasePtr                 0x0800ba58   Data           4  os_cfg_app.o(.constdata)
    OSCfg_IdleTaskStkLimit                   0x0800ba5c   Data           4  os_cfg_app.o(.constdata)
    OSCfg_IdleTaskStkSize                    0x0800ba60   Data           4  os_cfg_app.o(.constdata)
    OSCfg_IdleTaskStkSizeRAM                 0x0800ba64   Data           4  os_cfg_app.o(.constdata)
    OSCfg_IntQBasePtr                        0x0800ba68   Data           4  os_cfg_app.o(.constdata)
    OSCfg_IntQSize                           0x0800ba6c   Data           2  os_cfg_app.o(.constdata)
    OSCfg_IntQSizeRAM                        0x0800ba70   Data           4  os_cfg_app.o(.constdata)
    OSCfg_IntQTaskStkBasePtr                 0x0800ba74   Data           4  os_cfg_app.o(.constdata)
    OSCfg_IntQTaskStkLimit                   0x0800ba78   Data           4  os_cfg_app.o(.constdata)
    OSCfg_IntQTaskStkSize                    0x0800ba7c   Data           4  os_cfg_app.o(.constdata)
    OSCfg_IntQTaskStkSizeRAM                 0x0800ba80   Data           4  os_cfg_app.o(.constdata)
    OSCfg_ISRStkBasePtr                      0x0800ba84   Data           4  os_cfg_app.o(.constdata)
    OSCfg_ISRStkSize                         0x0800ba88   Data           4  os_cfg_app.o(.constdata)
    OSCfg_ISRStkSizeRAM                      0x0800ba8c   Data           4  os_cfg_app.o(.constdata)
    OSCfg_MsgPoolSize                        0x0800ba90   Data           2  os_cfg_app.o(.constdata)
    OSCfg_MsgPoolSizeRAM                     0x0800ba94   Data           4  os_cfg_app.o(.constdata)
    OSCfg_MsgPoolBasePtr                     0x0800ba98   Data           4  os_cfg_app.o(.constdata)
    OSCfg_StatTaskPrio                       0x0800ba9c   Data           1  os_cfg_app.o(.constdata)
    OSCfg_StatTaskRate_Hz                    0x0800baa0   Data           4  os_cfg_app.o(.constdata)
    OSCfg_StatTaskStkBasePtr                 0x0800baa4   Data           4  os_cfg_app.o(.constdata)
    OSCfg_StatTaskStkLimit                   0x0800baa8   Data           4  os_cfg_app.o(.constdata)
    OSCfg_StatTaskStkSize                    0x0800baac   Data           4  os_cfg_app.o(.constdata)
    OSCfg_StatTaskStkSizeRAM                 0x0800bab0   Data           4  os_cfg_app.o(.constdata)
    OSCfg_StkSizeMin                         0x0800bab4   Data           4  os_cfg_app.o(.constdata)
    OSCfg_TickRate_Hz                        0x0800bab8   Data           4  os_cfg_app.o(.constdata)
    OSCfg_TickTaskPrio                       0x0800babc   Data           1  os_cfg_app.o(.constdata)
    OSCfg_TickTaskStkBasePtr                 0x0800bac0   Data           4  os_cfg_app.o(.constdata)
    OSCfg_TickTaskStkLimit                   0x0800bac4   Data           4  os_cfg_app.o(.constdata)
    OSCfg_TickTaskStkSize                    0x0800bac8   Data           4  os_cfg_app.o(.constdata)
    OSCfg_TickTaskStkSizeRAM                 0x0800bacc   Data           4  os_cfg_app.o(.constdata)
    OSCfg_TickWheelSize                      0x0800bad0   Data           2  os_cfg_app.o(.constdata)
    OSCfg_TickWheelSizeRAM                   0x0800bad4   Data           4  os_cfg_app.o(.constdata)
    OSCfg_TmrTaskPrio                        0x0800bad8   Data           1  os_cfg_app.o(.constdata)
    OSCfg_TmrTaskRate_Hz                     0x0800badc   Data           4  os_cfg_app.o(.constdata)
    OSCfg_TmrTaskStkBasePtr                  0x0800bae0   Data           4  os_cfg_app.o(.constdata)
    OSCfg_TmrTaskStkLimit                    0x0800bae4   Data           4  os_cfg_app.o(.constdata)
    OSCfg_TmrTaskStkSize                     0x0800bae8   Data           4  os_cfg_app.o(.constdata)
    OSCfg_TmrTaskStkSizeRAM                  0x0800baec   Data           4  os_cfg_app.o(.constdata)
    OSCfg_TmrWheelSize                       0x0800baf0   Data           2  os_cfg_app.o(.constdata)
    OSCfg_TmrWheelSizeRAM                    0x0800baf4   Data           4  os_cfg_app.o(.constdata)
    OSCfg_DataSizeRAM                        0x0800baf8   Data           4  os_cfg_app.o(.constdata)
    OSDbg_DbgEn                              0x0800bafc   Data           1  os_dbg.o(.constdata)
    OSDbg_ArgChkEn                           0x0800bafd   Data           1  os_dbg.o(.constdata)
    OSDbg_AppHooksEn                         0x0800bafe   Data           1  os_dbg.o(.constdata)
    OSDbg_EndiannessTest                     0x0800bb00   Data           4  os_dbg.o(.constdata)
    OSDbg_CalledFromISRChkEn                 0x0800bb04   Data           1  os_dbg.o(.constdata)
    OSDbg_FlagEn                             0x0800bb05   Data           1  os_dbg.o(.constdata)
    OSDbg_FlagGrp                            0x0800bb08   Data          40  os_dbg.o(.constdata)
    OSDbg_FlagDelEn                          0x0800bb30   Data           1  os_dbg.o(.constdata)
    OSDbg_FlagModeClrEn                      0x0800bb31   Data           1  os_dbg.o(.constdata)
    OSDbg_FlagPendAbortEn                    0x0800bb32   Data           1  os_dbg.o(.constdata)
    OSDbg_FlagGrpSize                        0x0800bb34   Data           2  os_dbg.o(.constdata)
    OSDbg_FlagWidth                          0x0800bb36   Data           2  os_dbg.o(.constdata)
    OSDbg_IntQ                               0x0800bb38   Data           2  os_dbg.o(.constdata)
    OSDbg_ISRPostDeferredEn                  0x0800bb3a   Data           1  os_dbg.o(.constdata)
    OSDbg_Mem                                0x0800bb3c   Data          32  os_dbg.o(.constdata)
    OSDbg_MemEn                              0x0800bb5c   Data           1  os_dbg.o(.constdata)
    OSDbg_MemSize                            0x0800bb5e   Data           2  os_dbg.o(.constdata)
    OSDbg_MsgEn                              0x0800bb60   Data           1  os_dbg.o(.constdata)
    OSDbg_MsgSize                            0x0800bb62   Data           2  os_dbg.o(.constdata)
    OSDbg_MsgPoolSize                        0x0800bb64   Data           2  os_dbg.o(.constdata)
    OSDbg_MsgQSize                           0x0800bb66   Data           2  os_dbg.o(.constdata)
    OSDbg_Mutex                              0x0800bb68   Data          44  os_dbg.o(.constdata)
    OSDbg_MutexEn                            0x0800bb94   Data           1  os_dbg.o(.constdata)
    OSDbg_MutexDelEn                         0x0800bb95   Data           1  os_dbg.o(.constdata)
    OSDbg_MutexPendAbortEn                   0x0800bb96   Data           1  os_dbg.o(.constdata)
    OSDbg_MutexSize                          0x0800bb98   Data           2  os_dbg.o(.constdata)
    OSDbg_ObjTypeChkEn                       0x0800bb9a   Data           1  os_dbg.o(.constdata)
    OSDbg_PendMultiEn                        0x0800bb9b   Data           1  os_dbg.o(.constdata)
    OSDbg_PendDataSize                       0x0800bb9c   Data           2  os_dbg.o(.constdata)
    OSDbg_PendListSize                       0x0800bb9e   Data           2  os_dbg.o(.constdata)
    OSDbg_PendObjSize                        0x0800bba0   Data           2  os_dbg.o(.constdata)
    OSDbg_PrioMax                            0x0800bba2   Data           2  os_dbg.o(.constdata)
    OSDbg_PrioTblSize                        0x0800bba4   Data           2  os_dbg.o(.constdata)
    OSDbg_PtrSize                            0x0800bba6   Data           2  os_dbg.o(.constdata)
    OSDbg_Q                                  0x0800bba8   Data          48  os_dbg.o(.constdata)
    OSDbg_QEn                                0x0800bbd8   Data           1  os_dbg.o(.constdata)
    OSDbg_QDelEn                             0x0800bbd9   Data           1  os_dbg.o(.constdata)
    OSDbg_QFlushEn                           0x0800bbda   Data           1  os_dbg.o(.constdata)
    OSDbg_QPendAbortEn                       0x0800bbdb   Data           1  os_dbg.o(.constdata)
    OSDbg_QSize                              0x0800bbdc   Data           2  os_dbg.o(.constdata)
    OSDbg_SchedRoundRobinEn                  0x0800bbde   Data           1  os_dbg.o(.constdata)
    OSDbg_Sem                                0x0800bbe0   Data          40  os_dbg.o(.constdata)
    OSDbg_SemEn                              0x0800bc08   Data           1  os_dbg.o(.constdata)
    OSDbg_SemDelEn                           0x0800bc09   Data           1  os_dbg.o(.constdata)
    OSDbg_SemPendAbortEn                     0x0800bc0a   Data           1  os_dbg.o(.constdata)
    OSDbg_SemSetEn                           0x0800bc0b   Data           1  os_dbg.o(.constdata)
    OSDbg_SemSize                            0x0800bc0c   Data           2  os_dbg.o(.constdata)
    OSDbg_RdyList                            0x0800bc0e   Data           2  os_dbg.o(.constdata)
    OSDbg_RdyListSize                        0x0800bc10   Data           4  os_dbg.o(.constdata)
    OSDbg_StkWidth                           0x0800bc14   Data           1  os_dbg.o(.constdata)
    OSDbg_StatTaskEn                         0x0800bc15   Data           1  os_dbg.o(.constdata)
    OSDbg_StatTaskStkChkEn                   0x0800bc16   Data           1  os_dbg.o(.constdata)
    OSDbg_TaskChangePrioEn                   0x0800bc17   Data           1  os_dbg.o(.constdata)
    OSDbg_TaskDelEn                          0x0800bc18   Data           1  os_dbg.o(.constdata)
    OSDbg_TaskQEn                            0x0800bc19   Data           1  os_dbg.o(.constdata)
    OSDbg_TaskQPendAbortEn                   0x0800bc1a   Data           1  os_dbg.o(.constdata)
    OSDbg_TaskProfileEn                      0x0800bc1b   Data           1  os_dbg.o(.constdata)
    OSDbg_TaskRegTblSize                     0x0800bc1c   Data           2  os_dbg.o(.constdata)
    OSDbg_TaskSemPendAbortEn                 0x0800bc1e   Data           1  os_dbg.o(.constdata)
    OSDbg_TaskSuspendEn                      0x0800bc1f   Data           1  os_dbg.o(.constdata)
    OSDbg_TCBSize                            0x0800bc20   Data           2  os_dbg.o(.constdata)
    OSDbg_TickSpokeSize                      0x0800bc22   Data           2  os_dbg.o(.constdata)
    OSDbg_TimeDlyHMSMEn                      0x0800bc24   Data           1  os_dbg.o(.constdata)
    OSDbg_TimeDlyResumeEn                    0x0800bc25   Data           1  os_dbg.o(.constdata)
    OSDbg_TLS_TblSize                        0x0800bc26   Data           2  os_dbg.o(.constdata)
    OSDbg_Tmr                                0x0800bc28   Data          52  os_dbg.o(.constdata)
    OSDbg_TmrEn                              0x0800bc5c   Data           1  os_dbg.o(.constdata)
    OSDbg_TmrDelEn                           0x0800bc5d   Data           1  os_dbg.o(.constdata)
    OSDbg_TmrSize                            0x0800bc5e   Data           2  os_dbg.o(.constdata)
    OSDbg_TmrSpokeSize                       0x0800bc60   Data           2  os_dbg.o(.constdata)
    OSDbg_VersionNbr                         0x0800bc62   Data           2  os_dbg.o(.constdata)
    OSDbg_DataSize                           0x0800bc64   Data           4  os_dbg.o(.constdata)
    __mathlib_zero                           0x0800bd50   Data           8  qnan.o(.constdata)
    Region$$Table$$Base                      0x0800bd58   Number         0  anon$$obj.o(Region$$Table)
    Region$$Table$$Limit                     0x0800bd78   Number         0  anon$$obj.o(Region$$Table)
    num                                      0x20000014   Data           4  stm32f10x_it.o(.data)
    q0                                       0x2000001c   Data           4  mpu9250.o(.data)
    q1                                       0x20000020   Data           4  mpu9250.o(.data)
    q2                                       0x20000024   Data           4  mpu9250.o(.data)
    q3                                       0x20000028   Data           4  mpu9250.o(.data)
    sensor_timestamp                         0x2000002c   Data           4  mpu9250.o(.data)
    gyro                                     0x20000030   Data           6  mpu9250.o(.data)
    accel                                    0x20000036   Data           6  mpu9250.o(.data)
    sensors                                  0x2000003c   Data           2  mpu9250.o(.data)
    more                                     0x2000003e   Data           1  mpu9250.o(.data)
    rx_new                                   0x2000003f   Data           1  mpu9250.o(.data)
    Pitch                                    0x2000004c   Data           4  mpu9250.o(.data)
    Roll                                     0x20000050   Data           4  mpu9250.o(.data)
    Yaw                                      0x20000054   Data           4  mpu9250.o(.data)
    temp                                     0x20000058   Data           4  mpu9250.o(.data)
    lock                                     0x20000094   Data           1  app.o(.data)
    alarm                                    0x20000095   Data           1  app.o(.data)
    notification                             0x20000096   Data           1  app.o(.data)
    mode                                     0x20000097   Data           1  app.o(.data)
    notification1                            0x20000098   Data           1  app.o(.data)
    delay_minute                             0x20000099   Data           1  app.o(.data)
    count                                    0x2000009a   Data           1  app.o(.data)
    sensitivity                              0x2000009b   Data           1  app.o(.data)
    CPU_TS_TmrFreq_Hz                        0x200000a0   Data           4  cpu_core.o(.data)
    CPU_IntDisMeasCtr                        0x200000a4   Data           2  cpu_core.o(.data)
    CPU_IntDisNestCtr                        0x200000a6   Data           2  cpu_core.o(.data)
    CPU_IntDisMeasStart_cnts                 0x200000a8   Data           4  cpu_core.o(.data)
    CPU_IntDisMeasStop_cnts                  0x200000ac   Data           4  cpu_core.o(.data)
    CPU_IntDisMeasOvrhd_cnts                 0x200000b0   Data           4  cpu_core.o(.data)
    CPU_IntDisMeasMaxCur_cnts                0x200000b4   Data           4  cpu_core.o(.data)
    CPU_IntDisMeasMax_cnts                   0x200000b8   Data           4  cpu_core.o(.data)
    Mem_PoolTbl                              0x200000bc   Data           4  lib_mem.o(.data)
    OSPrioTbl                                0x200000c0   Data           4  os_prio.o(.data)
    OS_AppTaskCreateHookPtr                  0x200000c4   Data           4  os_var.o(.data)
    OS_AppTaskDelHookPtr                     0x200000c8   Data           4  os_var.o(.data)
    OS_AppTaskReturnHookPtr                  0x200000cc   Data           4  os_var.o(.data)
    OS_AppIdleTaskHookPtr                    0x200000d0   Data           4  os_var.o(.data)
    OS_AppStatTaskHookPtr                    0x200000d4   Data           4  os_var.o(.data)
    OS_AppTaskSwHookPtr                      0x200000d8   Data           4  os_var.o(.data)
    OS_AppTimeTickHookPtr                    0x200000dc   Data           4  os_var.o(.data)
    OSIdleTaskCtr                            0x200000e0   Data           4  os_var.o(.data)
    OSIntNestingCtr                          0x200000e4   Data           1  os_var.o(.data)
    OSIntDisTimeMax                          0x200000e8   Data           4  os_var.o(.data)
    OSRunning                                0x200000ec   Data           1  os_var.o(.data)
    OSIntQInPtr                              0x200000f0   Data           4  os_var.o(.data)
    OSIntQOutPtr                             0x200000f4   Data           4  os_var.o(.data)
    OSIntQNbrEntries                         0x200000f8   Data           2  os_var.o(.data)
    OSIntQNbrEntriesMax                      0x200000fa   Data           2  os_var.o(.data)
    OSIntQOvfCtr                             0x200000fc   Data           2  os_var.o(.data)
    OSIntQTaskTimeMax                        0x20000100   Data           4  os_var.o(.data)
    OSFlagDbgListPtr                         0x20000104   Data           4  os_var.o(.data)
    OSFlagQty                                0x20000108   Data           2  os_var.o(.data)
    OSMutexDbgListPtr                        0x2000010c   Data           4  os_var.o(.data)
    OSMutexQty                               0x20000110   Data           2  os_var.o(.data)
    OSPrioCur                                0x20000112   Data           1  os_var.o(.data)
    OSPrioHighRdy                            0x20000113   Data           1  os_var.o(.data)
    OSPrioSaved                              0x20000114   Data           1  os_var.o(.data)
    OSQDbgListPtr                            0x20000118   Data           4  os_var.o(.data)
    OSQQty                                   0x2000011c   Data           2  os_var.o(.data)
    OSSchedLockTimeBegin                     0x20000120   Data           4  os_var.o(.data)
    OSSchedLockTimeMax                       0x20000124   Data           4  os_var.o(.data)
    OSSchedLockTimeMaxCur                    0x20000128   Data           4  os_var.o(.data)
    OSSchedLockNestingCtr                    0x2000012c   Data           1  os_var.o(.data)
    OSSchedRoundRobinDfltTimeQuanta          0x20000130   Data           4  os_var.o(.data)
    OSSchedRoundRobinEn                      0x20000134   Data           1  os_var.o(.data)
    OSSemDbgListPtr                          0x20000138   Data           4  os_var.o(.data)
    OSSemQty                                 0x2000013c   Data           2  os_var.o(.data)
    OSStatResetFlag                          0x2000013e   Data           1  os_var.o(.data)
    OSStatTaskCPUUsage                       0x20000140   Data           2  os_var.o(.data)
    OSStatTaskCPUUsageMax                    0x20000142   Data           2  os_var.o(.data)
    OSStatTaskCtr                            0x20000144   Data           4  os_var.o(.data)
    OSStatTaskCtrMax                         0x20000148   Data           4  os_var.o(.data)
    OSStatTaskCtrRun                         0x2000014c   Data           4  os_var.o(.data)
    OSStatTaskRdy                            0x20000150   Data           1  os_var.o(.data)
    OSStatTaskTimeMax                        0x20000154   Data           4  os_var.o(.data)
    OSTaskCtxSwCtr                           0x20000158   Data           4  os_var.o(.data)
    OSTaskDbgListPtr                         0x2000015c   Data           4  os_var.o(.data)
    OSTaskQty                                0x20000160   Data           2  os_var.o(.data)
    OSTaskRegNextAvailID                     0x20000162   Data           1  os_var.o(.data)
    OSTickCtr                                0x20000164   Data           4  os_var.o(.data)
    OSTickTaskTimeMax                        0x20000168   Data           4  os_var.o(.data)
    OSTmrDbgListPtr                          0x2000016c   Data           4  os_var.o(.data)
    OSTmrQty                                 0x20000170   Data           2  os_var.o(.data)
    OSTmrTaskTimeMax                         0x20000174   Data           4  os_var.o(.data)
    OSTmrTickCtr                             0x20000178   Data           4  os_var.o(.data)
    OSTmrUpdateCnt                           0x2000017c   Data           4  os_var.o(.data)
    OSTmrUpdateCtr                           0x20000180   Data           4  os_var.o(.data)
    OSTCBCurPtr                              0x20000184   Data           4  os_var.o(.data)
    OSTCBHighRdyPtr                          0x20000188   Data           4  os_var.o(.data)
    OS_CPU_ExceptStkBase                     0x2000018c   Data           4  os_cpu_c.o(.data)
    __stdout                                 0x20000190   Data           4  stdout.o(.data)
    r                                        0x20000198   Data          60  stm32f10x_it.o(.bss)
    quat                                     0x200001e0   Data          16  mpu9250.o(.bss)
    RxNrfBuf                                 0x200001f0   Data          32  mpu9250.o(.bss)
    TxNrfBuf                                 0x20000210   Data          32  mpu9250.o(.bss)
    acc                                      0x20000240   Data          12  mpu9250.o(.bss)
    flag_grp                                 0x20000260   Data          40  app.o(.bss)
    beep_grp                                 0x20000288   Data          40  app.o(.bss)
    gsm_grp                                  0x200002b0   Data          40  app.o(.bss)
    my_tmr                                   0x200002d8   Data          52  app.o(.bss)
    AppTaskBLETCB                            0x20000564   Data         200  app.o(.bss)
    phone_number                             0x20001150   Data          13  app.o(.bss)
    CPU_Name                                 0x2000115d   Data          16  cpu_core.o(.bss)
    Mem_PoolHeap                             0x20001170   Data          72  lib_mem.o(.bss)
    Mem_Heap                                 0x200011b8   Data        8192  lib_mem.o(.bss)
    OSCfg_IdleTaskStk                        0x200031b8   Data         512  os_cfg_app.o(.bss)
    OSCfg_IntQ                               0x200033b8   Data         320  os_cfg_app.o(.bss)
    OSCfg_IntQTaskStk                        0x200034f8   Data         512  os_cfg_app.o(.bss)
    OSCfg_ISRStk                             0x200036f8   Data         512  os_cfg_app.o(.bss)
    OSCfg_MsgPool                            0x200038f8   Data        1600  os_cfg_app.o(.bss)
    OSCfg_StatTaskStk                        0x20003f38   Data         512  os_cfg_app.o(.bss)
    OSCfg_TickTaskStk                        0x20004138   Data         512  os_cfg_app.o(.bss)
    OSCfg_TickWheel                          0x20004338   Data         136  os_cfg_app.o(.bss)
    OSCfg_TmrTaskStk                         0x200043c0   Data         512  os_cfg_app.o(.bss)
    OSCfg_TmrWheel                           0x200045c0   Data         136  os_cfg_app.o(.bss)
    OSIdleTaskTCB                            0x20004648   Data         200  os_var.o(.bss)
    OSIntQTaskTCB                            0x20004710   Data         200  os_var.o(.bss)
    OSMsgPool                                0x200047d8   Data          12  os_var.o(.bss)
    OSRdyList                                0x200047e4   Data         384  os_var.o(.bss)
    OSStatTaskTCB                            0x20004964   Data         200  os_var.o(.bss)
    OSTickTaskTCB                            0x20004a2c   Data         200  os_var.o(.bss)
    OSTmrTaskTCB                             0x20004af4   Data         200  os_var.o(.bss)
    __initial_sp                             0x20004fc0   Data           0  startup_stm32f10x_hd.o(STACK)



==============================================================================

Memory Map of the image

  Image Entry point : 0x08000131

  Load Region LR_IROM1 (Base: 0x08000000, Size: 0x0000bf10, Max: 0x00010000, ABSOLUTE, COMPRESSED[0x0000bda8])

    Execution Region ER_IROM1 (Base: 0x08000000, Size: 0x0000bd78, Max: 0x00010000, ABSOLUTE)

    Base Addr    Size         Type   Attr      Idx    E Section Name        Object

    0x08000000   0x00000130   Data   RO            3    RESET               startup_stm32f10x_hd.o
    0x08000130   0x00000000   Code   RO         6147  * .ARM.Collect$$$$00000000  mc_w.l(entry.o)
    0x08000130   0x00000004   Code   RO         6484    .ARM.Collect$$$$00000001  mc_w.l(entry2.o)
    0x08000134   0x00000004   Code   RO         6487    .ARM.Collect$$$$00000004  mc_w.l(entry5.o)
    0x08000138   0x00000000   Code   RO         6489    .ARM.Collect$$$$00000008  mc_w.l(entry7b.o)
    0x08000138   0x00000000   Code   RO         6491    .ARM.Collect$$$$0000000A  mc_w.l(entry8b.o)
    0x08000138   0x00000008   Code   RO         6492    .ARM.Collect$$$$0000000B  mc_w.l(entry9a.o)
    0x08000140   0x00000000   Code   RO         6494    .ARM.Collect$$$$0000000D  mc_w.l(entry10a.o)
    0x08000140   0x00000000   Code   RO         6496    .ARM.Collect$$$$0000000F  mc_w.l(entry11a.o)
    0x08000140   0x00000004   Code   RO         6485    .ARM.Collect$$$$00002712  mc_w.l(entry2.o)
    0x08000144   0x00000024   Code   RO            4    .text               startup_stm32f10x_hd.o
    0x08000168   0x00000034   Code   RO         4479    .text               cpu_a.o
    0x0800019c   0x00000024   Code   RO         6152    .text               mc_w.l(memcpya.o)
    0x080001c0   0x00000024   Code   RO         6154    .text               mc_w.l(memseta.o)
    0x080001e4   0x00000018   Code   RO         6156    .text               mc_w.l(strcat.o)
    0x080001fc   0x00000024   Code   RO         6158    .text               mc_w.l(strstr.o)
    0x08000220   0x0000001a   Code   RO         6160    .text               mc_w.l(memcmp.o)
    0x0800023a   0x000000b0   Code   RO         6425    .text               mf_w.l(fadd.o)
    0x080002ea   0x00000064   Code   RO         6427    .text               mf_w.l(fmul.o)
    0x0800034e   0x0000007c   Code   RO         6429    .text               mf_w.l(fdiv.o)
    0x080003ca   0x0000014e   Code   RO         6431    .text               mf_w.l(dadd.o)
    0x08000518   0x000000e4   Code   RO         6433    .text               mf_w.l(dmul.o)
    0x080005fc   0x00000012   Code   RO         6435    .text               mf_w.l(fflti.o)
    0x0800060e   0x0000000a   Code   RO         6437    .text               mf_w.l(ffltui.o)
    0x08000618   0x00000032   Code   RO         6439    .text               mf_w.l(ffixi.o)
    0x0800064a   0x00000028   Code   RO         6441    .text               mf_w.l(ffixui.o)
    0x08000672   0x00000026   Code   RO         6443    .text               mf_w.l(f2d.o)
    0x08000698   0x00000038   Code   RO         6445    .text               mf_w.l(d2f.o)
    0x080006d0   0x0000002c   Code   RO         6499    .text               mc_w.l(uidiv.o)
    0x080006fc   0x00000062   Code   RO         6501    .text               mc_w.l(uldiv.o)
    0x0800075e   0x0000001e   Code   RO         6503    .text               mc_w.l(llshl.o)
    0x0800077c   0x00000024   Code   RO         6505    .text               mc_w.l(llsshr.o)
    0x080007a0   0x00000000   Code   RO         6514    .text               mc_w.l(iusefp.o)
    0x080007a0   0x0000006e   Code   RO         6515    .text               mf_w.l(fepilogue.o)
    0x0800080e   0x000000ba   Code   RO         6517    .text               mf_w.l(depilogue.o)
    0x080008c8   0x000000de   Code   RO         6519    .text               mf_w.l(ddiv.o)
    0x080009a6   0x0000002e   Code   RO         6521    .text               mf_w.l(dscalb.o)
    0x080009d4   0x00000030   Code   RO         6523    .text               mf_w.l(dfixul.o)
    0x08000a04   0x00000030   Code   RO         6525    .text               mf_w.l(cdrcmple.o)
    0x08000a34   0x00000024   Code   RO         6527    .text               mc_w.l(init.o)
    0x08000a58   0x00000020   Code   RO         6529    .text               mc_w.l(llushr.o)
    0x08000a78   0x000000a2   Code   RO         6531    .text               mf_w.l(dsqrt.o)
    0x08000b1a   0x00000056   Code   RO         6543    .text               mc_w.l(__dczerorl2.o)
    0x08000b70   0x00000084   Code   RO         6048    CODE                os_cpu_a.o
    0x08000bf4   0x00000028   Code   RO         4119    i.AppTaskBEEP       app.o
    0x08000c1c   0x00000590   Code   RO         4120    i.AppTaskBLE        app.o
    0x080011ac   0x000001c4   Code   RO         4121    i.AppTaskCHECK      app.o
    0x08001370   0x000000f0   Code   RO         4122    i.AppTaskGSM        app.o
    0x08001460   0x00000098   Code   RO         4123    i.AppTaskLED        app.o
    0x080014f8   0x00000050   Code   RO         4124    i.AppTaskLOCK       app.o
    0x08001548   0x000000cc   Code   RO         4125    i.AppTaskMPU        app.o
    0x08001614   0x000002d8   Code   RO         4126    i.AppTaskStart      app.o
    0x080018ec   0x00000030   Code   RO         3409    i.BEEP              led.o
    0x0800191c   0x00000010   Code   RO         4251    i.BSP_CPU_ClkFreq   bsp.o
    0x0800192c   0x00000020   Code   RO         4252    i.BSP_Init          bsp.o
    0x0800194c   0x00000010   Code   RO         4315    i.CPU_Init          cpu_core.o
    0x0800195c   0x00000084   Code   RO         4316    i.CPU_IntDisMeasInit  cpu_core.o
    0x080019e0   0x0000001c   Code   RO         4317    i.CPU_IntDisMeasMaxCalc  cpu_core.o
    0x080019fc   0x0000002c   Code   RO         4318    i.CPU_IntDisMeasMaxCurGet  cpu_core.o
    0x08001a28   0x0000002c   Code   RO         4319    i.CPU_IntDisMeasMaxCurReset  cpu_core.o
    0x08001a54   0x0000002c   Code   RO         4320    i.CPU_IntDisMeasMaxGet  cpu_core.o
    0x08001a80   0x00000034   Code   RO         4321    i.CPU_IntDisMeasStart  cpu_core.o
    0x08001ab4   0x00000054   Code   RO         4322    i.CPU_IntDisMeasStop  cpu_core.o
    0x08001b08   0x00000038   Code   RO         4323    i.CPU_NameClr       cpu_core.o
    0x08001b40   0x00000008   Code   RO         4325    i.CPU_NameInit      cpu_core.o
    0x08001b48   0x00000014   Code   RO         4329    i.CPU_TS_Init       cpu_core.o
    0x08001b5c   0x0000000c   Code   RO         4331    i.CPU_TS_TmrFreqSet  cpu_core.o
    0x08001b68   0x00000034   Code   RO         4253    i.CPU_TS_TmrInit    bsp.o
    0x08001b9c   0x0000000c   Code   RO         4254    i.CPU_TS_TmrRd      bsp.o
    0x08001ba8   0x00000034   Code   RO         3257    i.Call              gsm.o
    0x08001bdc   0x00000048   Code   RO         3258    i.Check_Gsm         gsm.o
    0x08001c24   0x00000030   Code   RO         3259    i.Check_Message     gsm.o
    0x08001c54   0x00000116   Code   RO         1292    i.GPIO_Init         stm32f10x_gpio.o
    0x08001d6a   0x00000012   Code   RO         1296    i.GPIO_ReadInputDataBit  stm32f10x_gpio.o
    0x08001d7c   0x00000004   Code   RO         1299    i.GPIO_ResetBits    stm32f10x_gpio.o
    0x08001d80   0x00000004   Code   RO         1300    i.GPIO_SetBits      stm32f10x_gpio.o
    0x08001d84   0x000000c4   Code   RO         3260    i.GSM_Config        gsm.o
    0x08001e48   0x00000104   Code   RO         3261    i.GSM_cmd           gsm.o
    0x08001f4c   0x00000300   Code   RO         3439    i.Get_Gesture       mpu9250.o
    0x0800224c   0x00000034   Code   RO         3508    i.I2C_Ack           stm32_iic.o
    0x08002280   0x00000034   Code   RO         3509    i.I2C_NoAck         stm32_iic.o
    0x080022b4   0x00000054   Code   RO         3510    i.I2C_ReceiveByte   stm32_iic.o
    0x08002308   0x00000054   Code   RO         3511    i.I2C_SendByte      stm32_iic.o
    0x0800235c   0x00000058   Code   RO         3512    i.I2C_Start         stm32_iic.o
    0x080023b4   0x00000034   Code   RO         3513    i.I2C_Stop          stm32_iic.o
    0x080023e8   0x00000048   Code   RO         3514    i.I2C_WaitAck       stm32_iic.o
    0x08002430   0x00000016   Code   RO         3515    i.I2C_delay         stm32_iic.o
    0x08002446   0x00000002   PAD
    0x08002448   0x00000060   Code   RO         3412    i.Led_Config        led.o
    0x080024a8   0x00000010   Code   RO         3484    i.Lock              putter.o
    0x080024b8   0x00000012   Code   RO         4671    i.Mem_Clr           lib_mem.o
    0x080024ca   0x00000002   PAD
    0x080024cc   0x00000048   Code   RO         4675    i.Mem_Init          lib_mem.o
    0x08002514   0x00000062   Code   RO         4688    i.Mem_Set           lib_mem.o
    0x08002576   0x00000002   PAD
    0x08002578   0x00000070   Code   RO          137    i.NVIC_Init         misc.o
    0x080025e8   0x00000014   Code   RO          138    i.NVIC_PriorityGroupConfig  misc.o
    0x080025fc   0x00000002   Code   RO         4945    i.OSCfg_Init        os_cfg_app.o
    0x080025fe   0x00000002   PAD
    0x08002600   0x000000e4   Code   RO         5229    i.OSFlagCreate      os_flag.o
    0x080026e4   0x00000690   Code   RO         5231    i.OSFlagPend        os_flag.o
    0x08002d74   0x0000009c   Code   RO         5234    i.OSFlagPost        os_flag.o
    0x08002e10   0x00000014   Code   RO         6051    i.OSIdleTaskHook    os_cpu_c.o
    0x08002e24   0x00000180   Code   RO         4968    i.OSInit            os_core.o
    0x08002fa4   0x00000038   Code   RO         6052    i.OSInitHook        os_cpu_c.o
    0x08002fdc   0x0000002c   Code   RO         4969    i.OSIntEnter        os_core.o
    0x08003008   0x000000e4   Code   RO         4970    i.OSIntExit         os_core.o
    0x080030ec   0x000000a8   Code   RO         4971    i.OSSched           os_core.o
    0x08003194   0x0000007c   Code   RO         4972    i.OSSchedLock       os_core.o
    0x08003210   0x000000a0   Code   RO         4975    i.OSSchedUnlock     os_core.o
    0x080032b0   0x00000068   Code   RO         4976    i.OSStart           os_core.o
    0x08003318   0x00000168   Code   RO         5656    i.OSStatReset       os_stat.o
    0x08003480   0x00000100   Code   RO         5657    i.OSStatTaskCPUUsageInit  os_stat.o
    0x08003580   0x00000014   Code   RO         6053    i.OSStatTaskHook    os_cpu_c.o
    0x08003594   0x00000294   Code   RO         5687    i.OSTaskCreate      os_task.o
    0x08003828   0x00000018   Code   RO         6054    i.OSTaskCreateHook  os_cpu_c.o
    0x08003840   0x00000208   Code   RO         5688    i.OSTaskDel         os_task.o
    0x08003a48   0x00000018   Code   RO         6055    i.OSTaskDelHook     os_cpu_c.o
    0x08003a60   0x00000248   Code   RO         5690    i.OSTaskQPend       os_task.o
    0x08003ca8   0x0000007c   Code   RO         5692    i.OSTaskQPost       os_task.o
    0x08003d24   0x00000088   Code   RO         5696    i.OSTaskResume      os_task.o
    0x08003dac   0x00000018   Code   RO         6056    i.OSTaskReturnHook  os_cpu_c.o
    0x08003dc4   0x00000250   Code   RO         5697    i.OSTaskSemPend     os_task.o
    0x08004014   0x0000006c   Code   RO         5699    i.OSTaskSemPost     os_task.o
    0x08004080   0x000000e4   Code   RO         5701    i.OSTaskStkChk      os_task.o
    0x08004164   0x000000c0   Code   RO         6057    i.OSTaskStkInit     os_cpu_c.o
    0x08004224   0x00000060   Code   RO         5702    i.OSTaskSuspend     os_task.o
    0x08004284   0x000000a4   Code   RO         6058    i.OSTaskSwHook      os_cpu_c.o
    0x08004328   0x00000150   Code   RO         5902    i.OSTimeDly         os_time.o
    0x08004478   0x00000044   Code   RO         5907    i.OSTimeTick        os_time.o
    0x080044bc   0x00000014   Code   RO         6059    i.OSTimeTickHook    os_cpu_c.o
    0x080044d0   0x00000130   Code   RO         5944    i.OSTmrCreate       os_tmr.o
    0x08004600   0x000000b4   Code   RO         5947    i.OSTmrStart        os_tmr.o
    0x080046b4   0x00000100   Code   RO         5949    i.OSTmrStop         os_tmr.o
    0x080047b4   0x00000040   Code   RO         6060    i.OS_CPU_SysTickHandler  os_cpu_c.o
    0x080047f4   0x00000030   Code   RO         6061    i.OS_CPU_SysTickInit  os_cpu_c.o
    0x08004824   0x000001ac   Code   RO         5214    i.OS_Dbg_Init       os_dbg.o
    0x080049d0   0x00000040   Code   RO         5235    i.OS_FlagBlock      os_flag.o
    0x08004a10   0x00000030   Code   RO         5237    i.OS_FlagDbgListAdd  os_flag.o
    0x08004a40   0x00000018   Code   RO         5239    i.OS_FlagInit       os_flag.o
    0x08004a58   0x0000027c   Code   RO         5240    i.OS_FlagPost       os_flag.o
    0x08004cd4   0x00000056   Code   RO         5241    i.OS_FlagTaskRdy    os_flag.o
    0x08004d2a   0x00000002   PAD
    0x08004d2c   0x0000004c   Code   RO         4978    i.OS_IdleTask       os_core.o
    0x08004d78   0x00000070   Code   RO         4979    i.OS_IdleTaskInit   os_core.o
    0x08004de8   0x00000104   Code   RO         5313    i.OS_IntQPost       os_int.o
    0x08004eec   0x000001a4   Code   RO         5314    i.OS_IntQRePost     os_int.o
    0x08005090   0x000000c8   Code   RO         5315    i.OS_IntQTask       os_int.o
    0x08005158   0x00000128   Code   RO         5316    i.OS_IntQTaskInit   os_int.o
    0x08005280   0x0000007c   Code   RO         5349    i.OS_MsgPoolInit    os_msg.o
    0x080052fc   0x00000044   Code   RO         5350    i.OS_MsgQFreeAll    os_msg.o
    0x08005340   0x00000068   Code   RO         5351    i.OS_MsgQGet        os_msg.o
    0x080053a8   0x0000000e   Code   RO         5352    i.OS_MsgQInit       os_msg.o
    0x080053b6   0x00000002   PAD
    0x080053b8   0x00000104   Code   RO         5353    i.OS_MsgQPut        os_msg.o
    0x080054bc   0x00000018   Code   RO         5393    i.OS_MutexInit      os_mutex.o
    0x080054d4   0x00000068   Code   RO         4980    i.OS_Pend           os_core.o
    0x0800553c   0x00000026   Code   RO         4983    i.OS_PendDataInit   os_core.o
    0x08005562   0x00000002   PAD
    0x08005564   0x0000005c   Code   RO         4984    i.OS_PendDbgNameAdd  os_core.o
    0x080055c0   0x00000024   Code   RO         4985    i.OS_PendDbgNameRemove  os_core.o
    0x080055e4   0x0000000a   Code   RO         4987    i.OS_PendListInit   os_core.o
    0x080055ee   0x00000066   Code   RO         4989    i.OS_PendListInsertPrio  os_core.o
    0x08005654   0x00000030   Code   RO         4990    i.OS_PendListRemove  os_core.o
    0x08005684   0x00000042   Code   RO         4991    i.OS_PendListRemove1  os_core.o
    0x080056c6   0x000000c0   Code   RO         4994    i.OS_Post           os_core.o
    0x08005786   0x0000002a   Code   RO         4995    i.OS_Post1          os_core.o
    0x080057b0   0x00000028   Code   RO         5475    i.OS_PrioGetHighest  os_prio.o
    0x080057d8   0x00000018   Code   RO         5476    i.OS_PrioInit       os_prio.o
    0x080057f0   0x00000024   Code   RO         5477    i.OS_PrioInsert     os_prio.o
    0x08005814   0x00000024   Code   RO         5478    i.OS_PrioRemove     os_prio.o
    0x08005838   0x00000018   Code   RO         5521    i.OS_QInit          os_q.o
    0x08005850   0x00000188   Code   RO         5522    i.OS_QPost          os_q.o
    0x080059d8   0x00000024   Code   RO         4996    i.OS_RdyListInit    os_core.o
    0x080059fc   0x0000002c   Code   RO         4997    i.OS_RdyListInsert  os_core.o
    0x08005a28   0x00000040   Code   RO         4998    i.OS_RdyListInsertHead  os_core.o
    0x08005a68   0x0000003c   Code   RO         4999    i.OS_RdyListInsertTail  os_core.o
    0x08005aa4   0x00000044   Code   RO         5000    i.OS_RdyListMoveHeadToTail  os_core.o
    0x08005ae8   0x0000005c   Code   RO         5001    i.OS_RdyListRemove  os_core.o
    0x08005b44   0x0000005c   Code   RO         5002    i.OS_Sched0         os_core.o
    0x08005ba0   0x0000001c   Code   RO         5003    i.OS_SchedLockTimeMeasStart  os_core.o
    0x08005bbc   0x0000003c   Code   RO         5004    i.OS_SchedLockTimeMeasStop  os_core.o
    0x08005bf8   0x000000ec   Code   RO         5005    i.OS_SchedRoundRobin  os_core.o
    0x08005ce4   0x00000018   Code   RO         5593    i.OS_SemInit        os_sem.o
    0x08005cfc   0x00000198   Code   RO         5594    i.OS_SemPost        os_sem.o
    0x08005e94   0x000003b8   Code   RO         5658    i.OS_StatTask       os_stat.o
    0x0800624c   0x000000cc   Code   RO         5659    i.OS_StatTaskInit   os_stat.o
    0x08006318   0x00000038   Code   RO         5006    i.OS_TaskBlock      os_core.o
    0x08006350   0x00000030   Code   RO         5704    i.OS_TaskDbgListAdd  os_task.o
    0x08006380   0x00000044   Code   RO         5705    i.OS_TaskDbgListRemove  os_task.o
    0x080063c4   0x00000020   Code   RO         5706    i.OS_TaskInit       os_task.o
    0x080063e4   0x000000d0   Code   RO         5707    i.OS_TaskInitTCB    os_task.o
    0x080064b4   0x0000026c   Code   RO         5708    i.OS_TaskQPost      os_task.o
    0x08006720   0x0000001c   Code   RO         5007    i.OS_TaskRdy        os_core.o
    0x0800673c   0x0000017c   Code   RO         5709    i.OS_TaskResume     os_task.o
    0x080068b8   0x00000018   Code   RO         5710    i.OS_TaskReturn     os_task.o
    0x080068d0   0x000005a8   Code   RO         5711    i.OS_TaskSemPost    os_task.o
    0x08006e78   0x00000190   Code   RO         5712    i.OS_TaskSuspend    os_task.o
    0x08007008   0x00000028   Code   RO         5854    i.OS_TickListInit   os_tick.o
    0x08007030   0x000001bc   Code   RO         5855    i.OS_TickListInsert  os_tick.o
    0x080071ec   0x00000038   Code   RO         5856    i.OS_TickListRemove  os_tick.o
    0x08007224   0x00000024   Code   RO         5857    i.OS_TickListResetPeak  os_tick.o
    0x08007248   0x00000220   Code   RO         5858    i.OS_TickListUpdate  os_tick.o
    0x08007468   0x0000002c   Code   RO         5859    i.OS_TickTask       os_tick.o
    0x08007494   0x000000b8   Code   RO         5860    i.OS_TickTaskInit   os_tick.o
    0x0800754c   0x00000028   Code   RO         5951    i.OS_TmrDbgListAdd  os_tmr.o
    0x08007574   0x00000128   Code   RO         5953    i.OS_TmrInit        os_tmr.o
    0x0800769c   0x000000d0   Code   RO         5954    i.OS_TmrLink        os_tmr.o
    0x0800776c   0x00000024   Code   RO         5955    i.OS_TmrResetPeak   os_tmr.o
    0x08007790   0x000000c0   Code   RO         5956    i.OS_TmrTask        os_tmr.o
    0x08007850   0x00000050   Code   RO         5957    i.OS_TmrUnlink      os_tmr.o
    0x080078a0   0x00000050   Code   RO         3485    i.Putter_Init       putter.o
    0x080078f0   0x00000020   Code   RO         1708    i.RCC_APB1PeriphClockCmd  stm32f10x_rcc.o
    0x08007910   0x00000020   Code   RO         1710    i.RCC_APB2PeriphClockCmd  stm32f10x_rcc.o
    0x08007930   0x000000d4   Code   RO         1718    i.RCC_GetClocksFreq  stm32f10x_rcc.o
    0x08007a04   0x00000014   Code   RO         3264    i.Send_Message      gsm.o
    0x08007a18   0x00000058   Code   RO         3265    i.Send_Text_Sms     gsm.o
    0x08007a70   0x00000008   Code   RO           24    i.SetSysClock       system_stm32f10x.o
    0x08007a78   0x000000e0   Code   RO           25    i.SetSysClockTo72   system_stm32f10x.o
    0x08007b58   0x00000034   Code   RO         3266    i.Set_Text_Mode     gsm.o
    0x08007b8c   0x00000060   Code   RO           27    i.SystemInit        system_stm32f10x.o
    0x08007bec   0x00000060   Code   RO         4127    i.TmrCallback       app.o
    0x08007c4c   0x000000ac   Code   RO         3654    i.USART1_Config     usart.o
    0x08007cf8   0x00000048   Code   RO         3108    i.USART1_IRQHandler  stm32f10x_it.o
    0x08007d40   0x00000080   Code   RO         3109    i.USART3_IRQHandler  stm32f10x_it.o
    0x08007dc0   0x00000012   Code   RO         2874    i.USART_ClearFlag   stm32f10x_usart.o
    0x08007dd2   0x0000001e   Code   RO         2875    i.USART_ClearITPendingBit  stm32f10x_usart.o
    0x08007df0   0x00000018   Code   RO         2878    i.USART_Cmd         stm32f10x_usart.o
    0x08007e08   0x0000001a   Code   RO         2881    i.USART_GetFlagStatus  stm32f10x_usart.o
    0x08007e22   0x00000054   Code   RO         2882    i.USART_GetITStatus  stm32f10x_usart.o
    0x08007e76   0x0000004a   Code   RO         2884    i.USART_ITConfig    stm32f10x_usart.o
    0x08007ec0   0x000000d8   Code   RO         2885    i.USART_Init        stm32f10x_usart.o
    0x08007f98   0x0000000a   Code   RO         2892    i.USART_ReceiveData  stm32f10x_usart.o
    0x08007fa2   0x00000008   Code   RO         2895    i.USART_SendData    stm32f10x_usart.o
    0x08007faa   0x00000002   PAD
    0x08007fac   0x00000010   Code   RO         3486    i.Unlock            putter.o
    0x08007fbc   0x0000001e   Code   RO         3267    i.Usart_SendByte    gsm.o
    0x08007fda   0x0000001c   Code   RO         3268    i.Usart_SendString  gsm.o
    0x08007ff6   0x00000002   PAD
    0x08007ff8   0x00000020   Code   RO         6397    i.__0printf         mc_w.l(printfa.o)
    0x08008018   0x00000028   Code   RO         6399    i.__0sprintf        mc_w.l(printfa.o)
    0x08008040   0x00000028   Code   RO         6471    i.__ARM_fpclassify  m_ws.l(fpclassify.o)
    0x08008068   0x000000aa   Code   RO         6473    i.__kernel_poly     m_ws.l(poly.o)
    0x08008112   0x00000006   Code   RO         6458    i.__mathlib_dbl_infnan  m_ws.l(dunder.o)
    0x08008118   0x00000004   Code   RO         6459    i.__mathlib_dbl_infnan2  m_ws.l(dunder.o)
    0x0800811c   0x0000000c   Code   RO         6460    i.__mathlib_dbl_invalid  m_ws.l(dunder.o)
    0x08008128   0x00000010   Code   RO         6463    i.__mathlib_dbl_underflow  m_ws.l(dunder.o)
    0x08008138   0x0000000e   Code   RO         6537    i.__scatterload_copy  mc_w.l(handlers.o)
    0x08008146   0x00000002   Code   RO         6538    i.__scatterload_null  mc_w.l(handlers.o)
    0x08008148   0x0000000e   Code   RO         6539    i.__scatterload_zeroinit  mc_w.l(handlers.o)
    0x08008156   0x00000002   PAD
    0x08008158   0x0000000c   Code   RO         6509    i.__set_errno       mc_w.l(errno.o)
    0x08008164   0x00000184   Code   RO         6404    i._fp_digits        mc_w.l(printfa.o)
    0x080082e8   0x000006dc   Code   RO         6405    i._printf_core      mc_w.l(printfa.o)
    0x080089c4   0x00000024   Code   RO         6406    i._printf_post_padding  mc_w.l(printfa.o)
    0x080089e8   0x0000002e   Code   RO         6407    i._printf_pre_padding  mc_w.l(printfa.o)
    0x08008a16   0x0000000a   Code   RO         6409    i._sputc            mc_w.l(printfa.o)
    0x08008a20   0x00000270   Code   RO         6130    i.asin              m_ws.l(asin.o)
    0x08008c90   0x00000220   Code   RO         6448    i.atan              m_ws.l(atan.o)
    0x08008eb0   0x00000180   Code   RO         6140    i.atan2             m_ws.l(atan2.o)
    0x08009030   0x00000024   Code   RO         3269    i.clean             gsm.o
    0x08009054   0x00000064   Code   RO         3937    i.decode_gesture    inv_mpu_dmp_motion_driver.o
    0x080090b8   0x00000018   Code   RO         3234    i.delay_ms          delay.o
    0x080090d0   0x0000001a   Code   RO         3235    i.delay_us          delay.o
    0x080090ea   0x0000003c   Code   RO         3938    i.dmp_enable_6x_lp_quat  inv_mpu_dmp_motion_driver.o
    0x08009126   0x00000002   PAD
    0x08009128   0x0000021c   Code   RO         3939    i.dmp_enable_feature  inv_mpu_dmp_motion_driver.o
    0x08009344   0x00000058   Code   RO         3940    i.dmp_enable_gyro_cal  inv_mpu_dmp_motion_driver.o
    0x0800939c   0x0000003c   Code   RO         3941    i.dmp_enable_lp_quat  inv_mpu_dmp_motion_driver.o
    0x080093d8   0x00000018   Code   RO         3946    i.dmp_load_motion_driver_firmware  inv_mpu_dmp_motion_driver.o
    0x080093f0   0x000001cc   Code   RO         3947    i.dmp_read_fifo     inv_mpu_dmp_motion_driver.o
    0x080095bc   0x00000070   Code   RO         3951    i.dmp_set_fifo_rate  inv_mpu_dmp_motion_driver.o
    0x0800962c   0x00000138   Code   RO         3954    i.dmp_set_orientation  inv_mpu_dmp_motion_driver.o
    0x08009764   0x00000038   Code   RO         3957    i.dmp_set_shake_reject_thresh  inv_mpu_dmp_motion_driver.o
    0x0800979c   0x00000026   Code   RO         3958    i.dmp_set_shake_reject_time  inv_mpu_dmp_motion_driver.o
    0x080097c2   0x00000026   Code   RO         3959    i.dmp_set_shake_reject_timeout  inv_mpu_dmp_motion_driver.o
    0x080097e8   0x00000046   Code   RO         3960    i.dmp_set_tap_axes  inv_mpu_dmp_motion_driver.o
    0x0800982e   0x00000026   Code   RO         3961    i.dmp_set_tap_count  inv_mpu_dmp_motion_driver.o
    0x08009854   0x000001a0   Code   RO         3962    i.dmp_set_tap_thresh  inv_mpu_dmp_motion_driver.o
    0x080099f4   0x00000026   Code   RO         3963    i.dmp_set_tap_time  inv_mpu_dmp_motion_driver.o
    0x08009a1a   0x00000026   Code   RO         3964    i.dmp_set_tap_time_multi  inv_mpu_dmp_motion_driver.o
    0x08009a40   0x00000024   Code   RO         3270    i.fputc             gsm.o
    0x08009a64   0x00000002   Code   RO         3629    i.get_ms            time.o
    0x08009a66   0x00000002   PAD
    0x08009a68   0x0000002c   Code   RO         3517    i.i2cInit           stm32_iic.o
    0x08009a94   0x00000078   Code   RO         3518    i.i2cRead           stm32_iic.o
    0x08009b0c   0x00000064   Code   RO         3520    i.i2cWriteBuffer    stm32_iic.o
    0x08009b70   0x00000026   Code   RO         3521    i.i2cread           stm32_iic.o
    0x08009b96   0x00000026   Code   RO         3522    i.i2cwrite          stm32_iic.o
    0x08009bbc   0x00000028   Code   RO         3441    i.inv_orientation_matrix_to_scalar  mpu9250.o
    0x08009be4   0x0000004e   Code   RO         3442    i.inv_row_2_scale   mpu9250.o
    0x08009c32   0x00000002   PAD
    0x08009c34   0x00000060   Code   RO         4128    i.main              app.o
    0x08009c94   0x00000070   Code   RO         3673    i.mpu_configure_fifo  inv_mpu.o
    0x08009d04   0x0000004c   Code   RO         3674    i.mpu_get_accel_fsr  inv_mpu.o
    0x08009d50   0x00000124   Code   RO         3690    i.mpu_init          inv_mpu.o
    0x08009e74   0x000000b8   Code   RO         3691    i.mpu_load_firmware  inv_mpu.o
    0x08009f2c   0x0000011c   Code   RO         3692    i.mpu_lp_accel_mode  inv_mpu.o
    0x0800a048   0x000000c0   Code   RO         3695    i.mpu_read_fifo_stream  inv_mpu.o
    0x0800a108   0x00000080   Code   RO         3696    i.mpu_read_mem      inv_mpu.o
    0x0800a188   0x000001c8   Code   RO         3699    i.mpu_reset_fifo    inv_mpu.o
    0x0800a350   0x00000084   Code   RO         3702    i.mpu_set_accel_fsr  inv_mpu.o
    0x0800a3d4   0x0000014c   Code   RO         3703    i.mpu_set_bypass    inv_mpu.o
    0x0800a520   0x00000060   Code   RO         3704    i.mpu_set_compass_sample_rate  inv_mpu.o
    0x0800a580   0x00000090   Code   RO         3705    i.mpu_set_dmp_state  inv_mpu.o
    0x0800a610   0x00000088   Code   RO         3706    i.mpu_set_gyro_fsr  inv_mpu.o
    0x0800a698   0x0000006c   Code   RO         3707    i.mpu_set_int_latched  inv_mpu.o
    0x0800a704   0x00000084   Code   RO         3709    i.mpu_set_lpf       inv_mpu.o
    0x0800a788   0x000000b4   Code   RO         3710    i.mpu_set_sample_rate  inv_mpu.o
    0x0800a83c   0x00000168   Code   RO         3711    i.mpu_set_sensors   inv_mpu.o
    0x0800a9a4   0x00000080   Code   RO         3712    i.mpu_write_mem     inv_mpu.o
    0x0800aa24   0x00000040   Code   RO         3443    i.set               mpu9250.o
    0x0800aa64   0x00000090   Code   RO         3713    i.set_int_enable    inv_mpu.o
    0x0800aaf4   0x00000254   Code   RO         3714    i.setup_compass     inv_mpu.o
    0x0800ad48   0x0000004c   Code   RO         6477    i.sqrt              m_ws.l(sqrt.o)
    0x0800ad94   0x0000002a   Code   RO         3655    i.usart_INIT        usart.o
    0x0800adbe   0x00000002   PAD
    0x0800adc0   0x0000003e   Data   RO         3274    .constdata          gsm.o
    0x0800adfe   0x00000002   PAD
    0x0800ae00   0x00000060   Data   RO         3715    .constdata          inv_mpu.o
    0x0800ae60   0x00000bf6   Data   RO         3966    .constdata          inv_mpu_dmp_motion_driver.o
    0x0800ba56   0x00000002   PAD
    0x0800ba58   0x000000a4   Data   RO         4947    .constdata          os_cfg_app.o
    0x0800bafc   0x0000016c   Data   RO         5215    .constdata          os_dbg.o
    0x0800bc68   0x00000050   Data   RO         6131    .constdata          m_ws.l(asin.o)
    0x0800bcb8   0x00000098   Data   RO         6449    .constdata          m_ws.l(atan.o)
    0x0800bd50   0x00000008   Data   RO         6475    .constdata          m_ws.l(qnan.o)
    0x0800bd58   0x00000020   Data   RO         6535    Region$$Table       anon$$obj.o


    Execution Region RW_IRAM1 (Base: 0x20000000, Size: 0x00004fc0, Max: 0x00005000, ABSOLUTE, COMPRESSED[0x00000030])

    Base Addr    Size         Type   Attr      Idx    E Section Name        Object

    0x20000000   0x00000014   Data   RW         1738    .data               stm32f10x_rcc.o
    0x20000014   0x00000008   Data   RW         3111    .data               stm32f10x_it.o
    0x2000001c   0x00000040   Data   RW         3445    .data               mpu9250.o
    0x2000005c   0x00000038   Data   RW         3716    .data               inv_mpu.o
    0x20000094   0x00000009   Data   RW         4130    .data               app.o
    0x2000009d   0x00000003   PAD
    0x200000a0   0x0000001c   Data   RW         4335    .data               cpu_core.o
    0x200000bc   0x00000004   Data   RW         4690    .data               lib_mem.o
    0x200000c0   0x00000004   Data   RW         5479    .data               os_prio.o
    0x200000c4   0x000000c8   Data   RW         6035    .data               os_var.o
    0x2000018c   0x00000004   Data   RW         6062    .data               os_cpu_c.o
    0x20000190   0x00000004   Data   RW         6498    .data               mc_w.l(stdout.o)
    0x20000194   0x00000004   Data   RW         6510    .data               mc_w.l(errno.o)
    0x20000198   0x00000045   Zero   RW         3110    .bss                stm32f10x_it.o
    0x200001dd   0x00000003   PAD
    0x200001e0   0x0000006c   Zero   RW         3444    .bss                mpu9250.o
    0x2000024c   0x00000010   Zero   RW         3965    .bss                inv_mpu_dmp_motion_driver.o
    0x2000025c   0x00000004   PAD
    0x20000260   0x00000efd   Zero   RW         4129    .bss                app.o
    0x2000115d   0x00000010   Zero   RW         4333    .bss                cpu_core.o
    0x2000116d   0x00000003   PAD
    0x20001170   0x00002048   Zero   RW         4689    .bss                lib_mem.o
    0x200031b8   0x00001490   Zero   RW         4946    .bss                os_cfg_app.o
    0x20004648   0x00000574   Zero   RW         6034    .bss                os_var.o
    0x20004bbc   0x00000004   PAD
    0x20004bc0   0x00000400   Zero   RW            1    STACK               startup_stm32f10x_hd.o


==============================================================================

Image component sizes


      Code (inc. data)   RO Data    RW Data    ZI Data      Debug   Object Name

      3512       1136          0          9       3837       7705   app.o
       112         14          0          0          0       1873   bsp.o
         0          0          0          0          0       4500   core_cm3.o
        52          0          0          0          0        332   cpu_a.o
       540         98          0         28         16      16089   cpu_core.o
        50          0          0          0          0        946   delay.o
       918        110         62          0          0      49099   gsm.o
      4212        128         96         56          0      20223   inv_mpu.o
      2488        108       3062          0         16      18421   inv_mpu_dmp_motion_driver.o
       144          8          0          0          0        996   led.o
       188         18          0          4       8264      13467   lib_mem.o
       132         22          0          0          0       1507   misc.o
       950         76          0         64        108       3509   mpu9250.o
         2          0        164          0       5264      20805   os_cfg_app.o
      2994        412          0          0          0      19743   os_core.o
       132         32          0          0          0        376   os_cpu_a.o
       656         68          0          4          0       7897   os_cpu_c.o
       428        280        364          0          0       4745   os_dbg.o
      2922         98          0          0          0       8097   os_flag.o
      1176        204          0          0          0       3394   os_int.o
       570         32          0          0          0       3982   os_msg.o
        24         10          0          0          0        835   os_mutex.o
       136         16          0          4          0       2706   os_prio.o
       416         20          0          0          0       2146   os_q.o
       432         14          0          0          0       2170   os_sem.o
      1772        214          0          0          0       3955   os_stat.o
      6276        292          0          0          0      16360   os_task.o
      1348        124          0          0          0       5305   os_tick.o
       404         28          0          0          0       1693   os_time.o
      1592        178          0          0          0       7458   os_tmr.o
         0          0          0        200       1396      19364   os_var.o
       112         14          0          0          0       1314   putter.o
        36          8        304          0       1024        864   startup_stm32f10x_hd.o
       846         40          0          0          0       7562   stm32_iic.o
       304          0          0          0          0       3612   stm32f10x_gpio.o
       200         32          0          8         69      31370   stm32f10x_it.o
       276         32          0         20          0       4386   stm32f10x_rcc.o
       490          6          0          0          0       7269   stm32f10x_usart.o
       328         28          0          0          0     228509   system_stm32f10x.o
         2          0          0          0          0        437   time.o
       214          8          0          0          0       1085   usart.o

    ----------------------------------------------------------------------
     37412       3908       4088        400      20008     556106   Object Totals
         0          0         32          0          0          0   (incl. Generated)
        26          0          4          3         14          0   (incl. Padding)

    ----------------------------------------------------------------------

      Code (inc. data)   RO Data    RW Data    ZI Data      Debug   Library Member Name

       624         52         80          0          0        168   asin.o
       544         70        152          0          0        124   atan.o
       384         38          0          0          0        144   atan2.o
        38          6          0          0          0        272   dunder.o
        40          0          0          0          0         68   fpclassify.o
       170          0          0          0          0         96   poly.o
         0          0          8          0          0          0   qnan.o
        76          0          0          0          0         84   sqrt.o
        86          0          0          0          0          0   __dczerorl2.o
         0          0          0          0          0          0   entry.o
         0          0          0          0          0          0   entry10a.o
         0          0          0          0          0          0   entry11a.o
         8          4          0          0          0          0   entry2.o
         4          0          0          0          0          0   entry5.o
         0          0          0          0          0          0   entry7b.o
         0          0          0          0          0          0   entry8b.o
         8          4          0          0          0          0   entry9a.o
        12          6          0          4          0         68   errno.o
        30          0          0          0          0          0   handlers.o
        36          8          0          0          0         68   init.o
         0          0          0          0          0          0   iusefp.o
        30          0          0          0          0         68   llshl.o
        36          0          0          0          0         68   llsshr.o
        32          0          0          0          0         68   llushr.o
        26          0          0          0          0         80   memcmp.o
        36          0          0          0          0         68   memcpya.o
        36          0          0          0          0        108   memseta.o
      2308         96          0          0          0        604   printfa.o
         0          0          0          4          0          0   stdout.o
        24          0          0          0          0         68   strcat.o
        36          0          0          0          0         80   strstr.o
        44          0          0          0          0         80   uidiv.o
        98          0          0          0          0         92   uldiv.o
        48          0          0          0          0         68   cdrcmple.o
        56          0          0          0          0         88   d2f.o
       334          0          0          0          0        148   dadd.o
       222          0          0          0          0        100   ddiv.o
       186          0          0          0          0        176   depilogue.o
        48          0          0          0          0         68   dfixul.o
       228          0          0          0          0         96   dmul.o
        46          0          0          0          0         80   dscalb.o
       162          0          0          0          0        100   dsqrt.o
        38          0          0          0          0         68   f2d.o
       176          0          0          0          0        140   fadd.o
       124          0          0          0          0         88   fdiv.o
       110          0          0          0          0        168   fepilogue.o
        50          0          0          0          0         68   ffixi.o
        40          0          0          0          0         68   ffixui.o
        18          0          0          0          0         68   fflti.o
        10          0          0          0          0         68   ffltui.o
       100          0          0          0          0         76   fmul.o

    ----------------------------------------------------------------------
      6764        284        240          8          0       4212   Library Totals
         2          0          0          0          0          0   (incl. Padding)

    ----------------------------------------------------------------------

      Code (inc. data)   RO Data    RW Data    ZI Data      Debug   Library Name

      1876        166        240          0          0        956   m_ws.l
      2890        118          0          8          0       1520   mc_w.l
      1996          0          0          0          0       1736   mf_w.l

    ----------------------------------------------------------------------
      6764        284        240          8          0       4212   Library Totals

    ----------------------------------------------------------------------

==============================================================================


      Code (inc. data)   RO Data    RW Data    ZI Data      Debug   

     44176       4192       4328        408      20008     546094   Grand Totals
     44176       4192       4328         48      20008     546094   ELF Image Totals (compressed)
     44176       4192       4328         48          0          0   ROM Totals

==============================================================================

    Total RO  Size (Code + RO Data)                48504 (  47.37kB)
    Total RW  Size (RW Data + ZI Data)             20416 (  19.94kB)
    Total ROM Size (Code + RO Data + RW Data)      48552 (  47.41kB)

==============================================================================

