<html>
<body>
<pre>
<h1>礦ision Build Log</h1>
<h2>Tool Versions:</h2>
IDE-Version: μVision V5.21.0.0
Copyright (C) 2016 ARM Ltd and ARM Germany GmbH. All rights reserved.
License Information: 21 acer, 32, LIC=9N0DY-IH2UG-RFKIZ-J6QE4-85HIW-07T2I
 
Tool Versions:
Toolchain:       MDK-ARM Professional  Version: 5.21
Toolchain Path:  D:\keil\ARM\ARMCC\Bin
C Compiler:      Armcc.exe V5.06 update 3 (build 300)
Assembler:       Armasm.exe V5.06 update 3 (build 300)
Linker/Locator:  ArmLink.exe V5.06 update 3 (build 300)
Library Manager: ArmAr.exe V5.06 update 3 (build 300)
Hex Converter:   FromElf.exe V5.06 update 3 (build 300)
CPU DLL:         SARMCM3.DLL V5.21
Dialog DLL:      DCM.DLL V1.13.8.0
Target DLL:      Segger\JL2CM3.dll V2.99.23.0
Dialog DLL:      TCM.DLL V1.14.14.0
 
<h2>Project:</h2>
C:\Users\acer\Desktop\ucos\Project\RVMDK（uv5）\ISO-STM32.uvprojx
Project File Date:  06/19/2018

<h2>Output:</h2>
*** Using Compiler 'V5.06 update 3 (build 300)', folder: 'D:\keil\ARM\ARMCC\Bin'
Build target '多任务切换 LED'
compiling putter.c...
..\..\User\putter.h(18): warning:  #1-D: last line of file ends without a newline
  #endif
..\..\User\putter.c(31): warning:  #1-D: last line of file ends without a newline
  }
..\..\User\putter.c: 2 warnings, 0 errors
compiling mpu9250.c...
..\..\User\stm32_iic.h(29): warning:  #47-D: incompatible redefinition of macro "I2C_Direction_Transmitter" (declared at line 124 of "..\..\Libraries\FWlib\inc\stm32f10x_i2c.h")
  #define	I2C_Direction_Transmitter   0
..\..\User\stm32_iic.h(31): warning:  #47-D: incompatible redefinition of macro "I2C_Direction_Receiver" (declared at line 125 of "..\..\Libraries\FWlib\inc\stm32f10x_i2c.h")
  #define	I2C_Direction_Receiver      1	 
..\..\User\putter.h(18): warning:  #1-D: last line of file ends without a newline
  #endif
..\..\User\mpu9250.h(38): warning:  #1-D: last line of file ends without a newline
  #endif
..\..\User\mpu9250.c: 4 warnings, 0 errors
compiling bsp.c...
..\..\User\stm32_iic.h(29): warning:  #47-D: incompatible redefinition of macro "I2C_Direction_Transmitter" (declared at line 124 of "..\..\Libraries\FWlib\inc\stm32f10x_i2c.h")
  #define	I2C_Direction_Transmitter   0
..\..\User\stm32_iic.h(31): warning:  #47-D: incompatible redefinition of macro "I2C_Direction_Receiver" (declared at line 125 of "..\..\Libraries\FWlib\inc\stm32f10x_i2c.h")
  #define	I2C_Direction_Receiver      1	 
..\..\User\putter.h(18): warning:  #1-D: last line of file ends without a newline
  #endif
..\..\User\mpu9250.h(38): warning:  #1-D: last line of file ends without a newline
  #endif
..\..\User\BSP\bsp.c(163): warning:  #223-D: function "Led_Config" declared implicitly
  	  Led_Config();
..\..\User\BSP\bsp.c(164): warning:  #223-D: function "GSM_Config" declared implicitly
  	  GSM_Config();
..\..\User\BSP\bsp.c: 6 warnings, 0 errors
compiling gsm.c...
..\..\User\gsm.h(35): warning:  #1-D: last line of file ends without a newline
  #endif
..\..\User\stm32_iic.h(29): warning:  #47-D: incompatible redefinition of macro "I2C_Direction_Transmitter" (declared at line 124 of "..\..\Libraries\FWlib\inc\stm32f10x_i2c.h")
  #define	I2C_Direction_Transmitter   0
..\..\User\stm32_iic.h(31): warning:  #47-D: incompatible redefinition of macro "I2C_Direction_Receiver" (declared at line 125 of "..\..\Libraries\FWlib\inc\stm32f10x_i2c.h")
  #define	I2C_Direction_Receiver      1	 
..\..\User\putter.h(18): warning:  #1-D: last line of file ends without a newline
  #endif
..\..\User\mpu9250.h(38): warning:  #1-D: last line of file ends without a newline
  #endif
..\..\User\led.h(27): warning:  #1-D: last line of file ends without a newline
  #endif
..\..\User\led.h(27): warning:  #1-D: last line of file ends without a newline
  #endif
..\..\User\gsm.c(139): warning:  #167-D: argument of type "char *" is incompatible with parameter of type "uint8_t *"
      Usart_SendString (
SART1,cmd);
..\..\User\gsm.c(136): warning:  #177-D: variable "i" was declared but never referenced
  	  int i = 0;
..\..\User\gsm.c(182): warning:  #167-D: argument of type "char *" is incompatible with parameter of type "uint8_t *"
  	Usart_SendString(
SART1,content);     //发?投???????
..\..\User\gsm.c(12): warning:  #177-D: function "Nvic_Config" was declared but never referenced
  static void Nvic_Config()
..\..\User\gsm.c: 11 warnings, 0 errors
compiling led.c...
..\..\User\stm32_iic.h(29): warning:  #47-D: incompatible redefinition of macro "I2C_Direction_Transmitter" (declared at line 124 of "..\..\Libraries\FWlib\inc\stm32f10x_i2c.h")
  #define	I2C_Direction_Transmitter   0
..\..\User\stm32_iic.h(31): warning:  #47-D: incompatible redefinition of macro "I2C_Direction_Receiver" (declared at line 125 of "..\..\Libraries\FWlib\inc\stm32f10x_i2c.h")
  #define	I2C_Direction_Receiver      1	 
..\..\User\putter.h(18): warning:  #1-D: last line of file ends without a newline
  #endif
..\..\User\mpu9250.h(38): warning:  #1-D: last line of file ends without a newline
  #endif
..\..\User\led.h(27): warning:  #1-D: last line of file ends without a newline
  #endif
..\..\User\led.h(27): warning:  #1-D: last line of file ends without a newline
  #endif
..\..\User\led.c(35): warning:  #177-D: variable "i" was declared but never referenced
  	  uint8_t i = 0;
..\..\User\led.c: 7 warnings, 0 errors
compiling stm32f10x_it.c...
..\..\User\stm32_iic.h(29): warning:  #47-D: incompatible redefinition of macro "I2C_Direction_Transmitter" (declared at line 124 of "..\..\Libraries\FWlib\inc\stm32f10x_i2c.h")
  #define	I2C_Direction_Transmitter   0
..\..\User\stm32_iic.h(31): warning:  #47-D: incompatible redefinition of macro "I2C_Direction_Receiver" (declared at line 125 of "..\..\Libraries\FWlib\inc\stm32f10x_i2c.h")
  #define	I2C_Direction_Receiver      1	 
..\..\User\putter.h(18): warning:  #1-D: last line of file ends without a newline
  #endif
..\..\User\mpu9250.h(38): warning:  #1-D: last line of file ends without a newline
  #endif
..\..\User\led.h(27): warning:  #1-D: last line of file ends without a newline
  #endif
..\..\User\gsm.h(35): warning:  #1-D: last line of file ends without a newline
  #endif
..\..\User\stm32f10x_it.c(12): warning:  #177-D: variable "err" was declared but never referenced
    OS_ERR err;
..\..\User\stm32f10x_it.c(51): warning:  #1-D: last line of file ends without a newline
  }
..\..\User\stm32f10x_it.c(28): warning:  #550-D: variable "clear" was set but never used
  	u8 clear;
..\..\User\stm32f10x_it.c: 9 warnings, 0 errors
compiling app.c...
..\..\User\stm32_iic.h(29): warning:  #47-D: incompatible redefinition of macro "I2C_Direction_Transmitter" (declared at line 124 of "..\..\Libraries\FWlib\inc\stm32f10x_i2c.h")
  #define	I2C_Direction_Transmitter   0
..\..\User\stm32_iic.h(31): warning:  #47-D: incompatible redefinition of macro "I2C_Direction_Receiver" (declared at line 125 of "..\..\Libraries\FWlib\inc\stm32f10x_i2c.h")
  #define	I2C_Direction_Receiver      1	 
..\..\User\putter.h(18): warning:  #1-D: last line of file ends without a newline
  #endif
..\..\User\mpu9250.h(38): warning:  #1-D: last line of file ends without a newline
  #endif
..\..\User\led.h(27): warning:  #1-D: last line of file ends without a newline
  #endif
..\..\User\APP\app.c(325): warning:  #223-D: function "Check_Message" declared implicitly
     j = Check_Message();
..\..\User\APP\app.c(338): warning:  #167-D: argument of type "u8 *" is incompatible with parameter of type "char *restrict"
  			sprintf(message,"Pitch:%.1f Roll:%.1f",Pitch,Roll);
..\..\User\APP\app.c(339): warning:  #223-D: function "Send_Message" declared implicitly
  			Send_Message(phone_number,message);
..\..\User\APP\app.c(341): warning:  #223-D: function "clean" declared implicitly
  		clean();
..\..\User\APP\app.c(394): warning:  #223-D: function "GSM_cmd" declared implicitly
  	if(GSM_cmd("AT+CNMI=2,2,0,0,0\r\n", "OK",500))
..\..\User\APP\app.c(398): warning:  #223-D: function "Check_Gsm" declared implicitly
    	i = Check_Gsm(500,1);
..\..\User\APP\app.c(428): warning:  #177-D: variable "cpu_sr" was declared but never referenced
  	 CPU_SR_ALLOC();
..\..\User\APP\app.c(672): warning:  #223-D: function "Call" declared implicitly
  					i =  Call(phone_number , 3000);
..\..\User\APP\app.c(689): warning:  #223-D: function "Send_Message" declared implicitly
  					  Send_Message(phone_number,"The bike is abnormal");
..\..\User\APP\app.c: 14 warnings, 0 errors
linking...
Program Size: Code=44176 RO-data=4328 RW-data=408 ZI-data=20008  
FromELF: creating hex file...
".\Objects\ISO-STM32.axf" - 0 Error(s), 53 Warning(s).

<h2>Collection of Component include folders:</h2>
  C:\Users\acer\Desktop\ucos\Project\RVMDK（uv5）\RTE
  D:\keil\ARM\PACK\Keil\STM32F1xx_DFP\2.2.0\Device\Include

<h2>Collection of Component Files used:</h2>
Build Time Elapsed:  00:00:10
</pre>
</body>
</html>
